<?xml version="1.0"?>
<link_info>
   <banner>MSP430 Linker PC v16.9.3.LTS</banner>
   <copyright>Copyright (c) 2003-2017 Texas Instruments Incorporated</copyright>
   <link_time>0x598dad00</link_time>
   <link_errors>0x0</link_errors>
   <output_file>emptyProject.out</output_file>
   <entry_point>
      <name>_c_int00_noargs_mpu</name>
      <address>0x5084</address>
   </entry_point>
   <input_file_list>
      <input_file id="fl-2">
         <path>.\</path>
         <kind>object</kind>
         <file>functions.obj</file>
         <name>functions.obj</name>
      </input_file>
      <input_file id="fl-3">
         <path>.\</path>
         <kind>object</kind>
         <file>main.obj</file>
         <name>main.obj</name>
      </input_file>
      <input_file id="fl-4">
         <path>.\driverlib\MSP430FR5xx_6xx\</path>
         <kind>object</kind>
         <file>adc12_b.obj</file>
         <name>adc12_b.obj</name>
      </input_file>
      <input_file id="fl-5">
         <path>.\driverlib\MSP430FR5xx_6xx\</path>
         <kind>object</kind>
         <file>aes256.obj</file>
         <name>aes256.obj</name>
      </input_file>
      <input_file id="fl-6">
         <path>.\driverlib\MSP430FR5xx_6xx\</path>
         <kind>object</kind>
         <file>comp_e.obj</file>
         <name>comp_e.obj</name>
      </input_file>
      <input_file id="fl-7">
         <path>.\driverlib\MSP430FR5xx_6xx\</path>
         <kind>object</kind>
         <file>crc.obj</file>
         <name>crc.obj</name>
      </input_file>
      <input_file id="fl-8">
         <path>.\driverlib\MSP430FR5xx_6xx\</path>
         <kind>object</kind>
         <file>crc32.obj</file>
         <name>crc32.obj</name>
      </input_file>
      <input_file id="fl-9">
         <path>.\driverlib\MSP430FR5xx_6xx\</path>
         <kind>object</kind>
         <file>cs.obj</file>
         <name>cs.obj</name>
      </input_file>
      <input_file id="fl-a">
         <path>.\driverlib\MSP430FR5xx_6xx\</path>
         <kind>object</kind>
         <file>dma.obj</file>
         <name>dma.obj</name>
      </input_file>
      <input_file id="fl-b">
         <path>.\driverlib\MSP430FR5xx_6xx\</path>
         <kind>object</kind>
         <file>esi.obj</file>
         <name>esi.obj</name>
      </input_file>
      <input_file id="fl-c">
         <path>.\driverlib\MSP430FR5xx_6xx\</path>
         <kind>object</kind>
         <file>eusci_a_spi.obj</file>
         <name>eusci_a_spi.obj</name>
      </input_file>
      <input_file id="fl-d">
         <path>.\driverlib\MSP430FR5xx_6xx\</path>
         <kind>object</kind>
         <file>eusci_a_uart.obj</file>
         <name>eusci_a_uart.obj</name>
      </input_file>
      <input_file id="fl-e">
         <path>.\driverlib\MSP430FR5xx_6xx\</path>
         <kind>object</kind>
         <file>eusci_b_i2c.obj</file>
         <name>eusci_b_i2c.obj</name>
      </input_file>
      <input_file id="fl-f">
         <path>.\driverlib\MSP430FR5xx_6xx\</path>
         <kind>object</kind>
         <file>eusci_b_spi.obj</file>
         <name>eusci_b_spi.obj</name>
      </input_file>
      <input_file id="fl-10">
         <path>.\driverlib\MSP430FR5xx_6xx\</path>
         <kind>object</kind>
         <file>framctl.obj</file>
         <name>framctl.obj</name>
      </input_file>
      <input_file id="fl-11">
         <path>.\driverlib\MSP430FR5xx_6xx\</path>
         <kind>object</kind>
         <file>framctl_a.obj</file>
         <name>framctl_a.obj</name>
      </input_file>
      <input_file id="fl-12">
         <path>.\driverlib\MSP430FR5xx_6xx\</path>
         <kind>object</kind>
         <file>gpio.obj</file>
         <name>gpio.obj</name>
      </input_file>
      <input_file id="fl-13">
         <path>.\driverlib\MSP430FR5xx_6xx\</path>
         <kind>object</kind>
         <file>lcd_c.obj</file>
         <name>lcd_c.obj</name>
      </input_file>
      <input_file id="fl-14">
         <path>.\driverlib\MSP430FR5xx_6xx\</path>
         <kind>object</kind>
         <file>mpu.obj</file>
         <name>mpu.obj</name>
      </input_file>
      <input_file id="fl-15">
         <path>.\driverlib\MSP430FR5xx_6xx\</path>
         <kind>object</kind>
         <file>mpy32.obj</file>
         <name>mpy32.obj</name>
      </input_file>
      <input_file id="fl-16">
         <path>.\driverlib\MSP430FR5xx_6xx\</path>
         <kind>object</kind>
         <file>pmm.obj</file>
         <name>pmm.obj</name>
      </input_file>
      <input_file id="fl-17">
         <path>.\driverlib\MSP430FR5xx_6xx\</path>
         <kind>object</kind>
         <file>ram.obj</file>
         <name>ram.obj</name>
      </input_file>
      <input_file id="fl-18">
         <path>.\driverlib\MSP430FR5xx_6xx\</path>
         <kind>object</kind>
         <file>ref_a.obj</file>
         <name>ref_a.obj</name>
      </input_file>
      <input_file id="fl-19">
         <path>.\driverlib\MSP430FR5xx_6xx\</path>
         <kind>object</kind>
         <file>rtc_b.obj</file>
         <name>rtc_b.obj</name>
      </input_file>
      <input_file id="fl-1a">
         <path>.\driverlib\MSP430FR5xx_6xx\</path>
         <kind>object</kind>
         <file>rtc_c.obj</file>
         <name>rtc_c.obj</name>
      </input_file>
      <input_file id="fl-1b">
         <path>.\driverlib\MSP430FR5xx_6xx\</path>
         <kind>object</kind>
         <file>sfr.obj</file>
         <name>sfr.obj</name>
      </input_file>
      <input_file id="fl-1c">
         <path>.\driverlib\MSP430FR5xx_6xx\</path>
         <kind>object</kind>
         <file>sysctl.obj</file>
         <name>sysctl.obj</name>
      </input_file>
      <input_file id="fl-1d">
         <path>.\driverlib\MSP430FR5xx_6xx\</path>
         <kind>object</kind>
         <file>timer_a.obj</file>
         <name>timer_a.obj</name>
      </input_file>
      <input_file id="fl-1e">
         <path>.\driverlib\MSP430FR5xx_6xx\</path>
         <kind>object</kind>
         <file>timer_b.obj</file>
         <name>timer_b.obj</name>
      </input_file>
      <input_file id="fl-1f">
         <path>.\driverlib\MSP430FR5xx_6xx\</path>
         <kind>object</kind>
         <file>tlv.obj</file>
         <name>tlv.obj</name>
      </input_file>
      <input_file id="fl-20">
         <path>.\driverlib\MSP430FR5xx_6xx\</path>
         <kind>object</kind>
         <file>wdt_a.obj</file>
         <name>wdt_a.obj</name>
      </input_file>
      <input_file id="fl-27">
         <kind>object</kind>
         <file>&lt;internal&gt;</file>
         <name>&lt;internal&gt;</name>
      </input_file>
      <input_file id="fl-47">
         <path>C:\ti\ccsv7\tools\compiler\ti-cgt-msp430_16.9.3.LTS\lib\</path>
         <kind>archive</kind>
         <file>rts430x_lc_rd_eabi.lib</file>
         <name>copy_decompress_lzss.obj</name>
      </input_file>
      <input_file id="fl-48">
         <path>C:\ti\ccsv7\tools\compiler\ti-cgt-msp430_16.9.3.LTS\lib\</path>
         <kind>archive</kind>
         <file>rts430x_lc_rd_eabi.lib</file>
         <name>copy_decompress_none.obj</name>
      </input_file>
      <input_file id="fl-49">
         <path>C:\ti\ccsv7\tools\compiler\ti-cgt-msp430_16.9.3.LTS\lib\</path>
         <kind>archive</kind>
         <file>rts430x_lc_rd_eabi.lib</file>
         <name>int30.obj</name>
      </input_file>
      <input_file id="fl-4a">
         <path>C:\ti\ccsv7\tools\compiler\ti-cgt-msp430_16.9.3.LTS\lib\</path>
         <kind>archive</kind>
         <file>rts430x_lc_rd_eabi.lib</file>
         <name>isr_trap.obj</name>
      </input_file>
      <input_file id="fl-4b">
         <path>C:\ti\ccsv7\tools\compiler\ti-cgt-msp430_16.9.3.LTS\lib\</path>
         <kind>archive</kind>
         <file>rts430x_lc_rd_eabi.lib</file>
         <name>int31.obj</name>
      </input_file>
      <input_file id="fl-4c">
         <path>C:\ti\ccsv7\tools\compiler\ti-cgt-msp430_16.9.3.LTS\lib\</path>
         <kind>archive</kind>
         <file>rts430x_lc_rd_eabi.lib</file>
         <name>int33.obj</name>
      </input_file>
      <input_file id="fl-4d">
         <path>C:\ti\ccsv7\tools\compiler\ti-cgt-msp430_16.9.3.LTS\lib\</path>
         <kind>archive</kind>
         <file>rts430x_lc_rd_eabi.lib</file>
         <name>int34.obj</name>
      </input_file>
      <input_file id="fl-4e">
         <path>C:\ti\ccsv7\tools\compiler\ti-cgt-msp430_16.9.3.LTS\lib\</path>
         <kind>archive</kind>
         <file>rts430x_lc_rd_eabi.lib</file>
         <name>int35.obj</name>
      </input_file>
      <input_file id="fl-4f">
         <path>C:\ti\ccsv7\tools\compiler\ti-cgt-msp430_16.9.3.LTS\lib\</path>
         <kind>archive</kind>
         <file>rts430x_lc_rd_eabi.lib</file>
         <name>int36.obj</name>
      </input_file>
      <input_file id="fl-50">
         <path>C:\ti\ccsv7\tools\compiler\ti-cgt-msp430_16.9.3.LTS\lib\</path>
         <kind>archive</kind>
         <file>rts430x_lc_rd_eabi.lib</file>
         <name>int37.obj</name>
      </input_file>
      <input_file id="fl-51">
         <path>C:\ti\ccsv7\tools\compiler\ti-cgt-msp430_16.9.3.LTS\lib\</path>
         <kind>archive</kind>
         <file>rts430x_lc_rd_eabi.lib</file>
         <name>int38.obj</name>
      </input_file>
      <input_file id="fl-52">
         <path>C:\ti\ccsv7\tools\compiler\ti-cgt-msp430_16.9.3.LTS\lib\</path>
         <kind>archive</kind>
         <file>rts430x_lc_rd_eabi.lib</file>
         <name>int40.obj</name>
      </input_file>
      <input_file id="fl-53">
         <path>C:\ti\ccsv7\tools\compiler\ti-cgt-msp430_16.9.3.LTS\lib\</path>
         <kind>archive</kind>
         <file>rts430x_lc_rd_eabi.lib</file>
         <name>int42.obj</name>
      </input_file>
      <input_file id="fl-54">
         <path>C:\ti\ccsv7\tools\compiler\ti-cgt-msp430_16.9.3.LTS\lib\</path>
         <kind>archive</kind>
         <file>rts430x_lc_rd_eabi.lib</file>
         <name>int44.obj</name>
      </input_file>
      <input_file id="fl-55">
         <path>C:\ti\ccsv7\tools\compiler\ti-cgt-msp430_16.9.3.LTS\lib\</path>
         <kind>archive</kind>
         <file>rts430x_lc_rd_eabi.lib</file>
         <name>int46.obj</name>
      </input_file>
      <input_file id="fl-56">
         <path>C:\ti\ccsv7\tools\compiler\ti-cgt-msp430_16.9.3.LTS\lib\</path>
         <kind>archive</kind>
         <file>rts430x_lc_rd_eabi.lib</file>
         <name>int47.obj</name>
      </input_file>
      <input_file id="fl-57">
         <path>C:\ti\ccsv7\tools\compiler\ti-cgt-msp430_16.9.3.LTS\lib\</path>
         <kind>archive</kind>
         <file>rts430x_lc_rd_eabi.lib</file>
         <name>int48.obj</name>
      </input_file>
      <input_file id="fl-58">
         <path>C:\ti\ccsv7\tools\compiler\ti-cgt-msp430_16.9.3.LTS\lib\</path>
         <kind>archive</kind>
         <file>rts430x_lc_rd_eabi.lib</file>
         <name>int49.obj</name>
      </input_file>
      <input_file id="fl-59">
         <path>C:\ti\ccsv7\tools\compiler\ti-cgt-msp430_16.9.3.LTS\lib\</path>
         <kind>archive</kind>
         <file>rts430x_lc_rd_eabi.lib</file>
         <name>int50.obj</name>
      </input_file>
      <input_file id="fl-5a">
         <path>C:\ti\ccsv7\tools\compiler\ti-cgt-msp430_16.9.3.LTS\lib\</path>
         <kind>archive</kind>
         <file>rts430x_lc_rd_eabi.lib</file>
         <name>int51.obj</name>
      </input_file>
      <input_file id="fl-5b">
         <path>C:\ti\ccsv7\tools\compiler\ti-cgt-msp430_16.9.3.LTS\lib\</path>
         <kind>archive</kind>
         <file>rts430x_lc_rd_eabi.lib</file>
         <name>int52.obj</name>
      </input_file>
      <input_file id="fl-5c">
         <path>C:\ti\ccsv7\tools\compiler\ti-cgt-msp430_16.9.3.LTS\lib\</path>
         <kind>archive</kind>
         <file>rts430x_lc_rd_eabi.lib</file>
         <name>int53.obj</name>
      </input_file>
      <input_file id="fl-5d">
         <path>C:\ti\ccsv7\tools\compiler\ti-cgt-msp430_16.9.3.LTS\lib\</path>
         <kind>archive</kind>
         <file>rts430x_lc_rd_eabi.lib</file>
         <name>int54.obj</name>
      </input_file>
      <input_file id="fl-5e">
         <path>C:\ti\ccsv7\tools\compiler\ti-cgt-msp430_16.9.3.LTS\lib\</path>
         <kind>archive</kind>
         <file>rts430x_lc_rd_eabi.lib</file>
         <name>copy_zero_init.obj</name>
      </input_file>
      <input_file id="fl-5f">
         <path>C:\ti\ccsv7\tools\compiler\ti-cgt-msp430_16.9.3.LTS\lib\</path>
         <kind>archive</kind>
         <file>rts430x_lc_rd_eabi.lib</file>
         <name>div16s.obj</name>
      </input_file>
      <input_file id="fl-60">
         <path>C:\ti\ccsv7\tools\compiler\ti-cgt-msp430_16.9.3.LTS\lib\</path>
         <kind>archive</kind>
         <file>rts430x_lc_rd_eabi.lib</file>
         <name>div32s.obj</name>
      </input_file>
      <input_file id="fl-61">
         <path>C:\ti\ccsv7\tools\compiler\ti-cgt-msp430_16.9.3.LTS\lib\</path>
         <kind>archive</kind>
         <file>rts430x_lc_rd_eabi.lib</file>
         <name>div16u.obj</name>
      </input_file>
      <input_file id="fl-62">
         <path>C:\ti\ccsv7\tools\compiler\ti-cgt-msp430_16.9.3.LTS\lib\</path>
         <kind>archive</kind>
         <file>rts430x_lc_rd_eabi.lib</file>
         <name>div32u.obj</name>
      </input_file>
      <input_file id="fl-63">
         <path>C:\ti\ccsv7\tools\compiler\ti-cgt-msp430_16.9.3.LTS\lib\</path>
         <kind>archive</kind>
         <file>rts430x_lc_rd_eabi.lib</file>
         <name>mult16_f5hw.obj</name>
      </input_file>
      <input_file id="fl-64">
         <path>C:\ti\ccsv7\tools\compiler\ti-cgt-msp430_16.9.3.LTS\lib\</path>
         <kind>archive</kind>
         <file>rts430x_lc_rd_eabi.lib</file>
         <name>mult32.obj</name>
      </input_file>
      <input_file id="fl-65">
         <path>C:\ti\ccsv7\tools\compiler\ti-cgt-msp430_16.9.3.LTS\lib\</path>
         <kind>archive</kind>
         <file>rts430x_lc_rd_eabi.lib</file>
         <name>mult32_f5hw.obj</name>
      </input_file>
      <input_file id="fl-66">
         <path>C:\ti\ccsv7\tools\compiler\ti-cgt-msp430_16.9.3.LTS\lib\</path>
         <kind>archive</kind>
         <file>rts430x_lc_rd_eabi.lib</file>
         <name>mult64_f5hw.obj</name>
      </input_file>
      <input_file id="fl-67">
         <path>C:\ti\ccsv7\tools\compiler\ti-cgt-msp430_16.9.3.LTS\lib\</path>
         <kind>archive</kind>
         <file>rts430x_lc_rd_eabi.lib</file>
         <name>mult1632_f5hw.obj</name>
      </input_file>
      <input_file id="fl-68">
         <path>C:\ti\ccsv7\tools\compiler\ti-cgt-msp430_16.9.3.LTS\lib\</path>
         <kind>archive</kind>
         <file>rts430x_lc_rd_eabi.lib</file>
         <name>mult3264_f5hw.obj</name>
      </input_file>
      <input_file id="fl-69">
         <path>C:\ti\ccsv7\tools\compiler\ti-cgt-msp430_16.9.3.LTS\lib\</path>
         <kind>archive</kind>
         <file>rts430x_lc_rd_eabi.lib</file>
         <name>lsl16.obj</name>
      </input_file>
      <input_file id="fl-6a">
         <path>C:\ti\ccsv7\tools\compiler\ti-cgt-msp430_16.9.3.LTS\lib\</path>
         <kind>archive</kind>
         <file>rts430x_lc_rd_eabi.lib</file>
         <name>boot.obj</name>
      </input_file>
      <input_file id="fl-6b">
         <path>C:\ti\ccsv7\tools\compiler\ti-cgt-msp430_16.9.3.LTS\lib\</path>
         <kind>archive</kind>
         <file>rts430x_lc_rd_eabi.lib</file>
         <name>args_main.obj</name>
      </input_file>
      <input_file id="fl-6c">
         <path>C:\ti\ccsv7\tools\compiler\ti-cgt-msp430_16.9.3.LTS\lib\</path>
         <kind>archive</kind>
         <file>rts430x_lc_rd_eabi.lib</file>
         <name>autoinit_wdt.obj</name>
      </input_file>
      <input_file id="fl-6d">
         <path>C:\ti\ccsv7\tools\compiler\ti-cgt-msp430_16.9.3.LTS\lib\</path>
         <kind>archive</kind>
         <file>rts430x_lc_rd_eabi.lib</file>
         <name>boot_special.obj</name>
      </input_file>
      <input_file id="fl-6e">
         <path>C:\ti\ccsv7\ccs_base\msp430\lib\FR59xx\</path>
         <kind>archive</kind>
         <file>MSPMPU_INIT_LIB_CCS_msp430_large_code_restricted_data.lib</file>
         <name>mpu_init.o</name>
      </input_file>
      <input_file id="fl-6f">
         <path>C:\ti\ccsv7\tools\compiler\ti-cgt-msp430_16.9.3.LTS\lib\</path>
         <kind>archive</kind>
         <file>rts430x_lc_rd_eabi.lib</file>
         <name>startup.obj</name>
      </input_file>
      <input_file id="fl-70">
         <path>C:\ti\ccsv7\tools\compiler\ti-cgt-msp430_16.9.3.LTS\lib\</path>
         <kind>archive</kind>
         <file>rts430x_lc_rd_eabi.lib</file>
         <name>pre_init.obj</name>
      </input_file>
      <input_file id="fl-71">
         <path>C:\ti\ccsv7\tools\compiler\ti-cgt-msp430_16.9.3.LTS\lib\</path>
         <kind>archive</kind>
         <file>rts430x_lc_rd_eabi.lib</file>
         <name>exit.obj</name>
      </input_file>
      <input_file id="fl-72">
         <path>C:\ti\ccsv7\tools\compiler\ti-cgt-msp430_16.9.3.LTS\lib\</path>
         <kind>archive</kind>
         <file>rts430x_lc_rd_eabi.lib</file>
         <name>exit_gvars.obj</name>
      </input_file>
      <input_file id="fl-73">
         <path>C:\ti\ccsv7\tools\compiler\ti-cgt-msp430_16.9.3.LTS\lib\</path>
         <kind>archive</kind>
         <file>rts430x_lc_rd_eabi.lib</file>
         <name>_lock.obj</name>
      </input_file>
      <input_file id="fl-74">
         <path>C:\ti\ccsv7\tools\compiler\ti-cgt-msp430_16.9.3.LTS\lib\</path>
         <kind>archive</kind>
         <file>rts430x_lc_rd_eabi.lib</file>
         <name>cpy_tbl.obj</name>
      </input_file>
      <input_file id="fl-75">
         <path>C:\ti\ccsv7\tools\compiler\ti-cgt-msp430_16.9.3.LTS\lib\</path>
         <kind>archive</kind>
         <file>rts430x_lc_rd_eabi.lib</file>
         <name>mult16.obj</name>
      </input_file>
      <input_file id="fl-76">
         <path>C:\ti\ccsv7\tools\compiler\ti-cgt-msp430_16.9.3.LTS\lib\</path>
         <kind>archive</kind>
         <file>rts430x_lc_rd_eabi.lib</file>
         <name>memcpy.obj</name>
      </input_file>
      <input_file id="fl-77">
         <path>C:\ti\ccsv7\tools\compiler\ti-cgt-msp430_16.9.3.LTS\lib\</path>
         <kind>archive</kind>
         <file>rts430x_lc_rd_eabi.lib</file>
         <name>printf.obj</name>
      </input_file>
      <input_file id="fl-78">
         <path>C:\ti\ccsv7\tools\compiler\ti-cgt-msp430_16.9.3.LTS\lib\</path>
         <kind>archive</kind>
         <file>rts430x_lc_rd_eabi.lib</file>
         <name>_printfi.obj</name>
      </input_file>
      <input_file id="fl-79">
         <path>C:\ti\ccsv7\tools\compiler\ti-cgt-msp430_16.9.3.LTS\lib\</path>
         <kind>archive</kind>
         <file>rts430x_lc_rd_eabi.lib</file>
         <name>cmpd.obj</name>
      </input_file>
      <input_file id="fl-7a">
         <path>C:\ti\ccsv7\tools\compiler\ti-cgt-msp430_16.9.3.LTS\lib\</path>
         <kind>archive</kind>
         <file>rts430x_lc_rd_eabi.lib</file>
         <name>divd.obj</name>
      </input_file>
      <input_file id="fl-7b">
         <path>C:\ti\ccsv7\tools\compiler\ti-cgt-msp430_16.9.3.LTS\lib\</path>
         <kind>archive</kind>
         <file>rts430x_lc_rd_eabi.lib</file>
         <name>frcdivd.obj</name>
      </input_file>
      <input_file id="fl-7c">
         <path>C:\ti\ccsv7\tools\compiler\ti-cgt-msp430_16.9.3.LTS\lib\</path>
         <kind>archive</kind>
         <file>rts430x_lc_rd_eabi.lib</file>
         <name>div64u.obj</name>
      </input_file>
      <input_file id="fl-7d">
         <path>C:\ti\ccsv7\tools\compiler\ti-cgt-msp430_16.9.3.LTS\lib\</path>
         <kind>archive</kind>
         <file>rts430x_lc_rd_eabi.lib</file>
         <name>fixdi.obj</name>
      </input_file>
      <input_file id="fl-7e">
         <path>C:\ti\ccsv7\tools\compiler\ti-cgt-msp430_16.9.3.LTS\lib\</path>
         <kind>archive</kind>
         <file>rts430x_lc_rd_eabi.lib</file>
         <name>fixdli.obj</name>
      </input_file>
      <input_file id="fl-7f">
         <path>C:\ti\ccsv7\tools\compiler\ti-cgt-msp430_16.9.3.LTS\lib\</path>
         <kind>archive</kind>
         <file>rts430x_lc_rd_eabi.lib</file>
         <name>fltid.obj</name>
      </input_file>
      <input_file id="fl-80">
         <path>C:\ti\ccsv7\tools\compiler\ti-cgt-msp430_16.9.3.LTS\lib\</path>
         <kind>archive</kind>
         <file>rts430x_lc_rd_eabi.lib</file>
         <name>fltlid.obj</name>
      </input_file>
      <input_file id="fl-81">
         <path>C:\ti\ccsv7\tools\compiler\ti-cgt-msp430_16.9.3.LTS\lib\</path>
         <kind>archive</kind>
         <file>rts430x_lc_rd_eabi.lib</file>
         <name>mpyd.obj</name>
      </input_file>
      <input_file id="fl-82">
         <path>C:\ti\ccsv7\tools\compiler\ti-cgt-msp430_16.9.3.LTS\lib\</path>
         <kind>archive</kind>
         <file>rts430x_lc_rd_eabi.lib</file>
         <name>frcmpyd.obj</name>
      </input_file>
      <input_file id="fl-83">
         <path>C:\ti\ccsv7\tools\compiler\ti-cgt-msp430_16.9.3.LTS\lib\</path>
         <kind>archive</kind>
         <file>rts430x_lc_rd_eabi.lib</file>
         <name>negd.obj</name>
      </input_file>
      <input_file id="fl-84">
         <path>C:\ti\ccsv7\tools\compiler\ti-cgt-msp430_16.9.3.LTS\lib\</path>
         <kind>archive</kind>
         <file>rts430x_lc_rd_eabi.lib</file>
         <name>lsl32.obj</name>
      </input_file>
      <input_file id="fl-85">
         <path>C:\ti\ccsv7\tools\compiler\ti-cgt-msp430_16.9.3.LTS\lib\</path>
         <kind>archive</kind>
         <file>rts430x_lc_rd_eabi.lib</file>
         <name>lsl64.obj</name>
      </input_file>
      <input_file id="fl-86">
         <path>C:\ti\ccsv7\tools\compiler\ti-cgt-msp430_16.9.3.LTS\lib\</path>
         <kind>archive</kind>
         <file>rts430x_lc_rd_eabi.lib</file>
         <name>asr32.obj</name>
      </input_file>
      <input_file id="fl-87">
         <path>C:\ti\ccsv7\tools\compiler\ti-cgt-msp430_16.9.3.LTS\lib\</path>
         <kind>archive</kind>
         <file>rts430x_lc_rd_eabi.lib</file>
         <name>lsr32.obj</name>
      </input_file>
      <input_file id="fl-88">
         <path>C:\ti\ccsv7\tools\compiler\ti-cgt-msp430_16.9.3.LTS\lib\</path>
         <kind>archive</kind>
         <file>rts430x_lc_rd_eabi.lib</file>
         <name>lsr64.obj</name>
      </input_file>
      <input_file id="fl-89">
         <path>C:\ti\ccsv7\tools\compiler\ti-cgt-msp430_16.9.3.LTS\lib\</path>
         <kind>archive</kind>
         <file>rts430x_lc_rd_eabi.lib</file>
         <name>subd.obj</name>
      </input_file>
      <input_file id="fl-8a">
         <path>C:\ti\ccsv7\tools\compiler\ti-cgt-msp430_16.9.3.LTS\lib\</path>
         <kind>archive</kind>
         <file>rts430x_lc_rd_eabi.lib</file>
         <name>addd.obj</name>
      </input_file>
      <input_file id="fl-8b">
         <path>C:\ti\ccsv7\tools\compiler\ti-cgt-msp430_16.9.3.LTS\lib\</path>
         <kind>archive</kind>
         <file>rts430x_lc_rd_eabi.lib</file>
         <name>frcaddd.obj</name>
      </input_file>
      <input_file id="fl-8c">
         <path>C:\ti\ccsv7\tools\compiler\ti-cgt-msp430_16.9.3.LTS\lib\</path>
         <kind>archive</kind>
         <file>rts430x_lc_rd_eabi.lib</file>
         <name>renormd.obj</name>
      </input_file>
      <input_file id="fl-8d">
         <path>C:\ti\ccsv7\tools\compiler\ti-cgt-msp430_16.9.3.LTS\lib\</path>
         <kind>archive</kind>
         <file>rts430x_lc_rd_eabi.lib</file>
         <name>defs.obj</name>
      </input_file>
      <input_file id="fl-8e">
         <path>C:\ti\ccsv7\tools\compiler\ti-cgt-msp430_16.9.3.LTS\lib\</path>
         <kind>archive</kind>
         <file>rts430x_lc_rd_eabi.lib</file>
         <name>abs.obj</name>
      </input_file>
      <input_file id="fl-8f">
         <path>C:\ti\ccsv7\tools\compiler\ti-cgt-msp430_16.9.3.LTS\lib\</path>
         <kind>archive</kind>
         <file>rts430x_lc_rd_eabi.lib</file>
         <name>atoi.obj</name>
      </input_file>
      <input_file id="fl-90">
         <path>C:\ti\ccsv7\tools\compiler\ti-cgt-msp430_16.9.3.LTS\lib\</path>
         <kind>archive</kind>
         <file>rts430x_lc_rd_eabi.lib</file>
         <name>ctype.obj</name>
      </input_file>
      <input_file id="fl-91">
         <path>C:\ti\ccsv7\tools\compiler\ti-cgt-msp430_16.9.3.LTS\lib\</path>
         <kind>archive</kind>
         <file>rts430x_lc_rd_eabi.lib</file>
         <name>fputc.obj</name>
      </input_file>
      <input_file id="fl-92">
         <path>C:\ti\ccsv7\tools\compiler\ti-cgt-msp430_16.9.3.LTS\lib\</path>
         <kind>archive</kind>
         <file>rts430x_lc_rd_eabi.lib</file>
         <name>fflush.obj</name>
      </input_file>
      <input_file id="fl-93">
         <path>C:\ti\ccsv7\tools\compiler\ti-cgt-msp430_16.9.3.LTS\lib\</path>
         <kind>archive</kind>
         <file>rts430x_lc_rd_eabi.lib</file>
         <name>_io_perm.obj</name>
      </input_file>
      <input_file id="fl-94">
         <path>C:\ti\ccsv7\tools\compiler\ti-cgt-msp430_16.9.3.LTS\lib\</path>
         <kind>archive</kind>
         <file>rts430x_lc_rd_eabi.lib</file>
         <name>fputs.obj</name>
      </input_file>
      <input_file id="fl-95">
         <path>C:\ti\ccsv7\tools\compiler\ti-cgt-msp430_16.9.3.LTS\lib\</path>
         <kind>archive</kind>
         <file>rts430x_lc_rd_eabi.lib</file>
         <name>s_frexp.obj</name>
      </input_file>
      <input_file id="fl-96">
         <path>C:\ti\ccsv7\tools\compiler\ti-cgt-msp430_16.9.3.LTS\lib\</path>
         <kind>archive</kind>
         <file>rts430x_lc_rd_eabi.lib</file>
         <name>fseek.obj</name>
      </input_file>
      <input_file id="fl-97">
         <path>C:\ti\ccsv7\tools\compiler\ti-cgt-msp430_16.9.3.LTS\lib\</path>
         <kind>archive</kind>
         <file>rts430x_lc_rd_eabi.lib</file>
         <name>s_scalbn.obj</name>
      </input_file>
      <input_file id="fl-98">
         <path>C:\ti\ccsv7\tools\compiler\ti-cgt-msp430_16.9.3.LTS\lib\</path>
         <kind>archive</kind>
         <file>rts430x_lc_rd_eabi.lib</file>
         <name>s_copysign.obj</name>
      </input_file>
      <input_file id="fl-99">
         <path>C:\ti\ccsv7\tools\compiler\ti-cgt-msp430_16.9.3.LTS\lib\</path>
         <kind>archive</kind>
         <file>rts430x_lc_rd_eabi.lib</file>
         <name>errno.obj</name>
      </input_file>
      <input_file id="fl-9a">
         <path>C:\ti\ccsv7\tools\compiler\ti-cgt-msp430_16.9.3.LTS\lib\</path>
         <kind>archive</kind>
         <file>rts430x_lc_rd_eabi.lib</file>
         <name>lowlev.obj</name>
      </input_file>
      <input_file id="fl-9b">
         <path>C:\ti\ccsv7\tools\compiler\ti-cgt-msp430_16.9.3.LTS\lib\</path>
         <kind>archive</kind>
         <file>rts430x_lc_rd_eabi.lib</file>
         <name>trgdrv.obj</name>
      </input_file>
      <input_file id="fl-9c">
         <path>C:\ti\ccsv7\tools\compiler\ti-cgt-msp430_16.9.3.LTS\lib\</path>
         <kind>archive</kind>
         <file>rts430x_lc_rd_eabi.lib</file>
         <name>trgmsg.obj</name>
      </input_file>
      <input_file id="fl-9d">
         <path>C:\ti\ccsv7\tools\compiler\ti-cgt-msp430_16.9.3.LTS\lib\</path>
         <kind>archive</kind>
         <file>rts430x_lc_rd_eabi.lib</file>
         <name>ltoa.obj</name>
      </input_file>
      <input_file id="fl-9e">
         <path>C:\ti\ccsv7\tools\compiler\ti-cgt-msp430_16.9.3.LTS\lib\</path>
         <kind>archive</kind>
         <file>rts430x_lc_rd_eabi.lib</file>
         <name>memccpy.obj</name>
      </input_file>
      <input_file id="fl-9f">
         <path>C:\ti\ccsv7\tools\compiler\ti-cgt-msp430_16.9.3.LTS\lib\</path>
         <kind>archive</kind>
         <file>rts430x_lc_rd_eabi.lib</file>
         <name>memchr.obj</name>
      </input_file>
      <input_file id="fl-a0">
         <path>C:\ti\ccsv7\tools\compiler\ti-cgt-msp430_16.9.3.LTS\lib\</path>
         <kind>archive</kind>
         <file>rts430x_lc_rd_eabi.lib</file>
         <name>memset.obj</name>
      </input_file>
      <input_file id="fl-a1">
         <path>C:\ti\ccsv7\tools\compiler\ti-cgt-msp430_16.9.3.LTS\lib\</path>
         <kind>archive</kind>
         <file>rts430x_lc_rd_eabi.lib</file>
         <name>setvbuf.obj</name>
      </input_file>
      <input_file id="fl-a2">
         <path>C:\ti\ccsv7\tools\compiler\ti-cgt-msp430_16.9.3.LTS\lib\</path>
         <kind>archive</kind>
         <file>rts430x_lc_rd_eabi.lib</file>
         <name>fopen.obj</name>
      </input_file>
      <input_file id="fl-a3">
         <path>C:\ti\ccsv7\tools\compiler\ti-cgt-msp430_16.9.3.LTS\lib\</path>
         <kind>archive</kind>
         <file>rts430x_lc_rd_eabi.lib</file>
         <name>fclose.obj</name>
      </input_file>
      <input_file id="fl-a4">
         <path>C:\ti\ccsv7\tools\compiler\ti-cgt-msp430_16.9.3.LTS\lib\</path>
         <kind>archive</kind>
         <file>rts430x_lc_rd_eabi.lib</file>
         <name>memory.obj</name>
      </input_file>
      <input_file id="fl-a5">
         <path>C:\ti\ccsv7\tools\compiler\ti-cgt-msp430_16.9.3.LTS\lib\</path>
         <kind>archive</kind>
         <file>rts430x_lc_rd_eabi.lib</file>
         <name>remove.obj</name>
      </input_file>
      <input_file id="fl-a6">
         <path>C:\ti\ccsv7\tools\compiler\ti-cgt-msp430_16.9.3.LTS\lib\</path>
         <kind>archive</kind>
         <file>rts430x_lc_rd_eabi.lib</file>
         <name>sprintf.obj</name>
      </input_file>
      <input_file id="fl-a7">
         <path>C:\ti\ccsv7\tools\compiler\ti-cgt-msp430_16.9.3.LTS\lib\</path>
         <kind>archive</kind>
         <file>rts430x_lc_rd_eabi.lib</file>
         <name>strchr.obj</name>
      </input_file>
      <input_file id="fl-a8">
         <path>C:\ti\ccsv7\tools\compiler\ti-cgt-msp430_16.9.3.LTS\lib\</path>
         <kind>archive</kind>
         <file>rts430x_lc_rd_eabi.lib</file>
         <name>strcmp.obj</name>
      </input_file>
      <input_file id="fl-a9">
         <path>C:\ti\ccsv7\tools\compiler\ti-cgt-msp430_16.9.3.LTS\lib\</path>
         <kind>archive</kind>
         <file>rts430x_lc_rd_eabi.lib</file>
         <name>strcpy.obj</name>
      </input_file>
      <input_file id="fl-aa">
         <path>C:\ti\ccsv7\tools\compiler\ti-cgt-msp430_16.9.3.LTS\lib\</path>
         <kind>archive</kind>
         <file>rts430x_lc_rd_eabi.lib</file>
         <name>strlen.obj</name>
      </input_file>
      <input_file id="fl-ab">
         <path>C:\ti\ccsv7\tools\compiler\ti-cgt-msp430_16.9.3.LTS\lib\</path>
         <kind>archive</kind>
         <file>rts430x_lc_rd_eabi.lib</file>
         <name>strncpy.obj</name>
      </input_file>
      <input_file id="fl-ac">
         <path>C:\ti\ccsv7\tools\compiler\ti-cgt-msp430_16.9.3.LTS\lib\</path>
         <kind>archive</kind>
         <file>rts430x_lc_rd_eabi.lib</file>
         <name>toupper.obj</name>
      </input_file>
   </input_file_list>
   <object_component_list>
      <object_component id="oc-884">
         <name>.cio</name>
         <uninitialized>true</uninitialized>
         <run_address>0x4400</run_address>
         <size>0x120</size>
         <input_file_ref idref="fl-9c"/>
      </object_component>
      <object_component id="oc-407">
         <name>.sysmem</name>
         <uninitialized>true</uninitialized>
         <run_address>0x4520</run_address>
         <size>0x6</size>
         <input_file_ref idref="fl-a4"/>
      </object_component>
      <object_component id="oc-953">
         <name>.sysmem</name>
         <uninitialized>true</uninitialized>
         <run_address>0x4520</run_address>
         <size>0x0</size>
      </object_component>
      <object_component id="oc-951">
         <name>.cinit..data.load</name>
         <load_address>0x5f92</load_address>
         <run_address>0x5f92</run_address>
         <size>0x55</size>
      </object_component>
      <object_component id="oc-94e">
         <name>__TI_handler_table</name>
         <load_address>0x5fe8</load_address>
         <run_address>0x5fe8</run_address>
         <size>0xc</size>
      </object_component>
      <object_component id="oc-950">
         <name>.cinit..bss.load</name>
         <load_address>0x5ff4</load_address>
         <run_address>0x5ff4</run_address>
         <size>0x6</size>
      </object_component>
      <object_component id="oc-94f">
         <name>__TI_cinit_table</name>
         <load_address>0x5ffa</load_address>
         <run_address>0x5ffa</run_address>
         <size>0x10</size>
      </object_component>
      <object_component id="oc-8e7">
         <name>.binit</name>
         <load_address>0x4400</load_address>
         <run_address>0x4400</run_address>
         <size>0x0</size>
      </object_component>
      <object_component id="oc-4a0">
         <name>.const:.string</name>
         <load_address>0x5c94</load_address>
         <run_address>0x5c94</run_address>
         <size>0x140</size>
         <input_file_ref idref="fl-3"/>
      </object_component>
      <object_component id="oc-676">
         <name>.const:.string:_ctypes_</name>
         <load_address>0x5dd4</load_address>
         <run_address>0x5dd4</run_address>
         <size>0x101</size>
         <input_file_ref idref="fl-90"/>
      </object_component>
      <object_component id="oc-570">
         <name>.const:.string</name>
         <load_address>0x5ed6</load_address>
         <run_address>0x5ed6</run_address>
         <size>0x96</size>
         <input_file_ref idref="fl-2"/>
      </object_component>
      <object_component id="oc-642">
         <name>.const:.string</name>
         <load_address>0x5f6c</load_address>
         <run_address>0x5f6c</run_address>
         <size>0x26</size>
         <input_file_ref idref="fl-78"/>
      </object_component>
      <object_component id="oc-42d">
         <name>.text:_isr:Port_1</name>
         <load_address>0x4c00</load_address>
         <run_address>0x4c00</run_address>
         <size>0x1be</size>
         <input_file_ref idref="fl-3"/>
      </object_component>
      <object_component id="oc-427">
         <name>.text:_isr:Port_4</name>
         <load_address>0x4dbe</load_address>
         <run_address>0x4dbe</run_address>
         <size>0x164</size>
         <input_file_ref idref="fl-3"/>
      </object_component>
      <object_component id="oc-439">
         <name>.text:_isr:USCI_A1_ISR</name>
         <load_address>0x4f22</load_address>
         <run_address>0x4f22</run_address>
         <size>0xda</size>
         <input_file_ref idref="fl-3"/>
      </object_component>
      <object_component id="oc-433">
         <name>.text:_isr:Timer1_A0_ISR</name>
         <load_address>0x4ffc</load_address>
         <run_address>0x4ffc</run_address>
         <size>0x88</size>
         <input_file_ref idref="fl-3"/>
      </object_component>
      <object_component id="oc-b3">
         <name>.text:_isr:_c_int00_noargs_mpu</name>
         <load_address>0x5084</load_address>
         <run_address>0x5084</run_address>
         <size>0x20</size>
         <input_file_ref idref="fl-6d"/>
      </object_component>
      <object_component id="oc-43f">
         <name>.text:_isr:Timer0_A0_ISR</name>
         <load_address>0x50a4</load_address>
         <run_address>0x50a4</run_address>
         <size>0x16</size>
         <input_file_ref idref="fl-3"/>
      </object_component>
      <object_component id="oc-422">
         <name>.text:_isr:__TI_ISR_TRAP</name>
         <load_address>0x50ba</load_address>
         <run_address>0x50ba</run_address>
         <size>0x8</size>
         <input_file_ref idref="fl-4a"/>
      </object_component>
      <object_component id="oc-659">
         <name>.text:fseek</name>
         <load_address>0x50c2</load_address>
         <run_address>0x50c2</run_address>
         <size>0x6a</size>
         <input_file_ref idref="fl-96"/>
      </object_component>
      <object_component id="oc-7cc">
         <name>.text:__mspabi_fixdli</name>
         <load_address>0x512c</load_address>
         <run_address>0x512c</run_address>
         <size>0x66</size>
         <input_file_ref idref="fl-7e"/>
      </object_component>
      <object_component id="oc-4d9">
         <name>.text:copy_in</name>
         <load_address>0x5192</load_address>
         <run_address>0x5192</run_address>
         <size>0x66</size>
         <input_file_ref idref="fl-74"/>
      </object_component>
      <object_component id="oc-623">
         <name>.text:__TI_doflush</name>
         <load_address>0x51f8</load_address>
         <run_address>0x51f8</run_address>
         <size>0x64</size>
         <input_file_ref idref="fl-92"/>
      </object_component>
      <object_component id="oc-635">
         <name>.text:atoi</name>
         <load_address>0x525c</load_address>
         <run_address>0x525c</run_address>
         <size>0x62</size>
         <input_file_ref idref="fl-8f"/>
      </object_component>
      <object_component id="oc-80c">
         <name>.text:close</name>
         <load_address>0x52be</load_address>
         <run_address>0x52be</run_address>
         <size>0x5a</size>
         <input_file_ref idref="fl-9a"/>
      </object_component>
      <object_component id="oc-879">
         <name>.text:getdevice</name>
         <load_address>0x5318</load_address>
         <run_address>0x5318</run_address>
         <size>0x5a</size>
         <input_file_ref idref="fl-9a"/>
      </object_component>
      <object_component id="oc-4bb">
         <name>.text</name>
         <load_address>0x5372</load_address>
         <run_address>0x5372</run_address>
         <size>0x58</size>
         <input_file_ref idref="fl-62"/>
      </object_component>
      <object_component id="oc-51a">
         <name>.text:Init_ADC</name>
         <load_address>0x53ca</load_address>
         <run_address>0x53ca</run_address>
         <size>0x54</size>
         <input_file_ref idref="fl-2"/>
      </object_component>
      <object_component id="oc-77b">
         <name>.text:HOSTclose</name>
         <load_address>0x541e</load_address>
         <run_address>0x541e</run_address>
         <size>0x4e</size>
         <input_file_ref idref="fl-9b"/>
      </object_component>
      <object_component id="oc-72f">
         <name>.text:_fcpy</name>
         <load_address>0x546c</load_address>
         <run_address>0x546c</run_address>
         <size>0x4e</size>
         <input_file_ref idref="fl-78"/>
      </object_component>
      <object_component id="oc-45e">
         <name>.text:exit</name>
         <load_address>0x54ba</load_address>
         <run_address>0x54ba</run_address>
         <size>0x4a</size>
         <input_file_ref idref="fl-71"/>
      </object_component>
      <object_component id="oc-4a1">
         <name>.text:printf</name>
         <load_address>0x5504</load_address>
         <run_address>0x5504</run_address>
         <size>0x4a</size>
         <input_file_ref idref="fl-77"/>
      </object_component>
      <object_component id="oc-4a8">
         <name>.text:sprintf</name>
         <load_address>0x554e</load_address>
         <run_address>0x554e</run_address>
         <size>0x44</size>
         <input_file_ref idref="fl-a6"/>
      </object_component>
      <object_component id="oc-762">
         <name>.text:minit</name>
         <load_address>0x5592</load_address>
         <run_address>0x5592</run_address>
         <size>0x42</size>
         <input_file_ref idref="fl-a4"/>
      </object_component>
      <object_component id="oc-848">
         <name>.text</name>
         <load_address>0x55d4</load_address>
         <run_address>0x55d4</run_address>
         <size>0x40</size>
         <input_file_ref idref="fl-60"/>
      </object_component>
      <object_component id="oc-831">
         <name>.text:l_asr_const</name>
         <load_address>0x5614</load_address>
         <run_address>0x5614</run_address>
         <size>0x3e</size>
         <input_file_ref idref="fl-86"/>
      </object_component>
      <object_component id="oc-836">
         <name>.text:l_lsl_const</name>
         <load_address>0x5652</load_address>
         <run_address>0x5652</run_address>
         <size>0x3e</size>
         <input_file_ref idref="fl-84"/>
      </object_component>
      <object_component id="oc-84f">
         <name>.text:l_lsr_const</name>
         <load_address>0x5690</load_address>
         <run_address>0x5690</run_address>
         <size>0x3e</size>
         <input_file_ref idref="fl-87"/>
      </object_component>
      <object_component id="oc-6bc">
         <name>.text:lseek</name>
         <load_address>0x56ce</load_address>
         <run_address>0x56ce</run_address>
         <size>0x3e</size>
         <input_file_ref idref="fl-9a"/>
      </object_component>
      <object_component id="oc-629">
         <name>.text:write</name>
         <load_address>0x570c</load_address>
         <run_address>0x570c</run_address>
         <size>0x3c</size>
         <input_file_ref idref="fl-9a"/>
      </object_component>
      <object_component id="oc-7a3">
         <name>.text:__mspabi_sllll</name>
         <load_address>0x5748</load_address>
         <run_address>0x5748</run_address>
         <size>0x3a</size>
         <input_file_ref idref="fl-85"/>
      </object_component>
      <object_component id="oc-707">
         <name>.text:__mspabi_srlll</name>
         <load_address>0x5782</load_address>
         <run_address>0x5782</run_address>
         <size>0x3a</size>
         <input_file_ref idref="fl-88"/>
      </object_component>
      <object_component id="oc-6d0">
         <name>.text:__TI_cleanup</name>
         <load_address>0x57bc</load_address>
         <run_address>0x57bc</run_address>
         <size>0x36</size>
         <input_file_ref idref="fl-a2"/>
      </object_component>
      <object_component id="oc-820">
         <name>.text:__TI_writemsg</name>
         <load_address>0x57f2</load_address>
         <run_address>0x57f2</run_address>
         <size>0x36</size>
         <input_file_ref idref="fl-9c"/>
      </object_component>
      <object_component id="oc-577">
         <name>.text:Vout_Dropped</name>
         <load_address>0x5828</load_address>
         <run_address>0x5828</run_address>
         <size>0x34</size>
         <input_file_ref idref="fl-2"/>
      </object_component>
      <object_component id="oc-571">
         <name>.text:Vout_Recovered</name>
         <load_address>0x585c</load_address>
         <run_address>0x585c</run_address>
         <size>0x34</size>
         <input_file_ref idref="fl-2"/>
      </object_component>
      <object_component id="oc-826">
         <name>.text:__TI_readmsg</name>
         <load_address>0x5890</load_address>
         <run_address>0x5890</run_address>
         <size>0x32</size>
         <input_file_ref idref="fl-9c"/>
      </object_component>
      <object_component id="oc-7c0">
         <name>.text:__mspabi_subd</name>
         <load_address>0x58c2</load_address>
         <run_address>0x58c2</run_address>
         <size>0x32</size>
         <input_file_ref idref="fl-89"/>
      </object_component>
      <object_component id="oc-8a9">
         <name>.text:strncpy</name>
         <load_address>0x58f4</load_address>
         <run_address>0x58f4</run_address>
         <size>0x32</size>
         <input_file_ref idref="fl-ab"/>
      </object_component>
      <object_component id="oc-813">
         <name>.text:unlink</name>
         <load_address>0x5926</load_address>
         <run_address>0x5926</run_address>
         <size>0x30</size>
         <input_file_ref idref="fl-9a"/>
      </object_component>
      <object_component id="oc-520">
         <name>.text:Init_UART</name>
         <load_address>0x5956</load_address>
         <run_address>0x5956</run_address>
         <size>0x2e</size>
         <input_file_ref idref="fl-2"/>
      </object_component>
      <object_component id="oc-695">
         <name>.text:__mspabi_negd</name>
         <load_address>0x5984</load_address>
         <run_address>0x5984</run_address>
         <size>0x2e</size>
         <input_file_ref idref="fl-83"/>
      </object_component>
      <object_component id="oc-86d">
         <name>.text:copysign</name>
         <load_address>0x59b2</load_address>
         <run_address>0x59b2</run_address>
         <size>0x2e</size>
         <input_file_ref idref="fl-98"/>
      </object_component>
      <object_component id="oc-8af">
         <name>.text:finddevice</name>
         <load_address>0x59e0</load_address>
         <run_address>0x59e0</run_address>
         <size>0x2e</size>
         <input_file_ref idref="fl-9a"/>
      </object_component>
      <object_component id="oc-465">
         <name>.text:__mpu_init</name>
         <load_address>0x5a0e</load_address>
         <run_address>0x5a0e</run_address>
         <size>0x2c</size>
         <input_file_ref idref="fl-6e"/>
      </object_component>
      <object_component id="oc-7c6">
         <name>.text:__mspabi_fixdi</name>
         <load_address>0x5a3a</load_address>
         <run_address>0x5a3a</run_address>
         <size>0x28</size>
         <input_file_ref idref="fl-7d"/>
      </object_component>
      <object_component id="oc-9b">
         <name>.text:decompress:ZI:__TI_zero_init</name>
         <load_address>0x5a62</load_address>
         <run_address>0x5a62</run_address>
         <size>0x24</size>
         <input_file_ref idref="fl-5e"/>
      </object_component>
      <object_component id="oc-4b6">
         <name>.text</name>
         <load_address>0x5a86</load_address>
         <run_address>0x5a86</run_address>
         <size>0x24</size>
         <input_file_ref idref="fl-65"/>
      </object_component>
      <object_component id="oc-55e">
         <name>.text:_outs</name>
         <load_address>0x5aaa</load_address>
         <run_address>0x5aaa</run_address>
         <size>0x20</size>
         <input_file_ref idref="fl-a6"/>
      </object_component>
      <object_component id="oc-64f">
         <name>.text:memccpy</name>
         <load_address>0x5aca</load_address>
         <run_address>0x5aca</run_address>
         <size>0x1e</size>
         <input_file_ref idref="fl-9e"/>
      </object_component>
      <object_component id="oc-7fa">
         <name>.text:strchr</name>
         <load_address>0x5ae8</load_address>
         <run_address>0x5ae8</run_address>
         <size>0x1c</size>
         <input_file_ref idref="fl-a7"/>
      </object_component>
      <object_component id="oc-8d2">
         <name>.text:strcmp</name>
         <load_address>0x5b04</load_address>
         <run_address>0x5b04</run_address>
         <size>0x1c</size>
         <input_file_ref idref="fl-a8"/>
      </object_component>
      <object_component id="oc-502">
         <name>.text:Init_Clock</name>
         <load_address>0x5b20</load_address>
         <run_address>0x5b20</run_address>
         <size>0x1a</size>
         <input_file_ref idref="fl-2"/>
      </object_component>
      <object_component id="oc-4af">
         <name>.text:uartSend</name>
         <load_address>0x5b3a</load_address>
         <run_address>0x5b3a</run_address>
         <size>0x1a</size>
         <input_file_ref idref="fl-2"/>
      </object_component>
      <object_component id="oc-584">
         <name>.text</name>
         <load_address>0x5b54</load_address>
         <run_address>0x5b54</run_address>
         <size>0x18</size>
         <input_file_ref idref="fl-63"/>
      </object_component>
      <object_component id="oc-61d">
         <name>.text:memchr</name>
         <load_address>0x5b6c</load_address>
         <run_address>0x5b6c</run_address>
         <size>0x16</size>
         <input_file_ref idref="fl-9f"/>
      </object_component>
      <object_component id="oc-63b">
         <name>.text:memset</name>
         <load_address>0x5b82</load_address>
         <run_address>0x5b82</run_address>
         <size>0x16</size>
         <input_file_ref idref="fl-a0"/>
      </object_component>
      <object_component id="oc-702">
         <name>.text</name>
         <load_address>0x5b98</load_address>
         <run_address>0x5b98</run_address>
         <size>0x16</size>
         <input_file_ref idref="fl-61"/>
      </object_component>
      <object_component id="oc-564">
         <name>.text:_outc</name>
         <load_address>0x5bae</load_address>
         <run_address>0x5bae</run_address>
         <size>0x14</size>
         <input_file_ref idref="fl-a6"/>
      </object_component>
      <object_component id="oc-415">
         <name>.text:memcpy</name>
         <load_address>0x5bc2</load_address>
         <run_address>0x5bc2</run_address>
         <size>0x14</size>
         <input_file_ref idref="fl-76"/>
      </object_component>
      <object_component id="oc-7c">
         <name>.text:decompress:none:__TI_decompress_none</name>
         <load_address>0x5bd6</load_address>
         <run_address>0x5bd6</run_address>
         <size>0x12</size>
         <input_file_ref idref="fl-48"/>
      </object_component>
      <object_component id="oc-83d">
         <name>.text:strcpy</name>
         <load_address>0x5be8</load_address>
         <run_address>0x5be8</run_address>
         <size>0x12</size>
         <input_file_ref idref="fl-a9"/>
      </object_component>
      <object_component id="oc-68f">
         <name>.text:toupper</name>
         <load_address>0x5bfa</load_address>
         <run_address>0x5bfa</run_address>
         <size>0x12</size>
         <input_file_ref idref="fl-ac"/>
      </object_component>
      <object_component id="oc-8c1">
         <name>.text:l_asr</name>
         <load_address>0x5c0c</load_address>
         <run_address>0x5c0c</run_address>
         <size>0x10</size>
         <input_file_ref idref="fl-86"/>
      </object_component>
      <object_component id="oc-8bc">
         <name>.text:l_lsl</name>
         <load_address>0x5c1c</load_address>
         <run_address>0x5c1c</run_address>
         <size>0x10</size>
         <input_file_ref idref="fl-84"/>
      </object_component>
      <object_component id="oc-7a9">
         <name>.text:l_lsr</name>
         <load_address>0x5c2c</load_address>
         <run_address>0x5c2c</run_address>
         <size>0x10</size>
         <input_file_ref idref="fl-87"/>
      </object_component>
      <object_component id="oc-50e">
         <name>.text:Init_Timer0</name>
         <load_address>0x5c3c</load_address>
         <run_address>0x5c3c</run_address>
         <size>0xe</size>
         <input_file_ref idref="fl-2"/>
      </object_component>
      <object_component id="oc-514">
         <name>.text:Init_Timer1</name>
         <load_address>0x5c4a</load_address>
         <run_address>0x5c4a</run_address>
         <size>0xe</size>
         <input_file_ref idref="fl-2"/>
      </object_component>
      <object_component id="oc-5d1">
         <name>.text:strlen</name>
         <load_address>0x5c58</load_address>
         <run_address>0x5c58</run_address>
         <size>0xe</size>
         <input_file_ref idref="fl-aa"/>
      </object_component>
      <object_component id="oc-800">
         <name>.text:__mspabi_fltid</name>
         <load_address>0x5c66</load_address>
         <run_address>0x5c66</run_address>
         <size>0xc</size>
         <input_file_ref idref="fl-7f"/>
      </object_component>
      <object_component id="oc-7d3">
         <name>.text:abs</name>
         <load_address>0x5c72</load_address>
         <run_address>0x5c72</run_address>
         <size>0xa</size>
         <input_file_ref idref="fl-8e"/>
      </object_component>
      <object_component id="oc-550">
         <name>.text:_outc</name>
         <load_address>0x5c7c</load_address>
         <run_address>0x5c7c</run_address>
         <size>0x6</size>
         <input_file_ref idref="fl-77"/>
      </object_component>
      <object_component id="oc-474">
         <name>.text:abort</name>
         <load_address>0x5c82</load_address>
         <run_address>0x5c82</run_address>
         <size>0x6</size>
         <input_file_ref idref="fl-71"/>
      </object_component>
      <object_component id="oc-54a">
         <name>.text:_outs</name>
         <load_address>0x5c88</load_address>
         <run_address>0x5c88</run_address>
         <size>0x4</size>
         <input_file_ref idref="fl-77"/>
      </object_component>
      <object_component id="oc-44c">
         <name>.text:_system_pre_init</name>
         <load_address>0x5c8c</load_address>
         <run_address>0x5c8c</run_address>
         <size>0x4</size>
         <input_file_ref idref="fl-70"/>
      </object_component>
      <object_component id="oc-5a1">
         <name>.text:_nop</name>
         <load_address>0x5c90</load_address>
         <run_address>0x5c90</run_address>
         <size>0x2</size>
         <input_file_ref idref="fl-73"/>
      </object_component>
      <object_component id="oc-4df">
         <name>.text:_system_post_cinit</name>
         <load_address>0x5c92</load_address>
         <run_address>0x5c92</run_address>
         <size>0x2</size>
         <input_file_ref idref="fl-6f"/>
      </object_component>
      <object_component id="oc-7e5">
         <name>.text:__TI_frcdivd</name>
         <load_address>0x10000</load_address>
         <run_address>0x10000</run_address>
         <size>0x478</size>
         <input_file_ref idref="fl-7b"/>
      </object_component>
      <object_component id="oc-6fc">
         <name>.text:__mspabi_divull</name>
         <load_address>0x10478</load_address>
         <run_address>0x10478</run_address>
         <size>0x34e</size>
         <input_file_ref idref="fl-7c"/>
      </object_component>
      <object_component id="oc-856">
         <name>.text:__mspabi_addd</name>
         <load_address>0x107c6</load_address>
         <run_address>0x107c6</run_address>
         <size>0x2d8</size>
         <input_file_ref idref="fl-8a"/>
      </object_component>
      <object_component id="oc-4c7">
         <name>.text:Circuit_Logic</name>
         <load_address>0x10a9e</load_address>
         <run_address>0x10a9e</run_address>
         <size>0x2c2</size>
         <input_file_ref idref="fl-2"/>
      </object_component>
      <object_component id="oc-7dd">
         <name>.text:__TI_frcmpyd</name>
         <load_address>0x10d60</load_address>
         <run_address>0x10d60</run_address>
         <size>0x286</size>
         <input_file_ref idref="fl-82"/>
      </object_component>
      <object_component id="oc-736">
         <name>.text:__mspabi_mpyd</name>
         <load_address>0x10fe6</load_address>
         <run_address>0x10fe6</run_address>
         <size>0x282</size>
         <input_file_ref idref="fl-81"/>
      </object_component>
      <object_component id="oc-649">
         <name>.text:_pproc_fgea</name>
         <load_address>0x11268</load_address>
         <run_address>0x11268</run_address>
         <size>0x260</size>
         <input_file_ref idref="fl-78"/>
      </object_component>
      <object_component id="oc-5dd">
         <name>.text:_setfield</name>
         <load_address>0x114c8</load_address>
         <run_address>0x114c8</run_address>
         <size>0x25e</size>
         <input_file_ref idref="fl-78"/>
      </object_component>
      <object_component id="oc-896">
         <name>.text:__TI_frcaddd</name>
         <load_address>0x11726</load_address>
         <run_address>0x11726</run_address>
         <size>0x252</size>
         <input_file_ref idref="fl-8b"/>
      </object_component>
      <object_component id="oc-556">
         <name>.text:__TI_printfi</name>
         <load_address>0x11978</load_address>
         <run_address>0x11978</run_address>
         <size>0x23c</size>
         <input_file_ref idref="fl-78"/>
      </object_component>
      <object_component id="oc-749">
         <name>.text:acvt</name>
         <load_address>0x11bb4</load_address>
         <run_address>0x11bb4</run_address>
         <size>0x224</size>
         <input_file_ref idref="fl-78"/>
      </object_component>
      <object_component id="oc-73c">
         <name>.text:__mspabi_divd</name>
         <load_address>0x11dd8</load_address>
         <run_address>0x11dd8</run_address>
         <size>0x222</size>
         <input_file_ref idref="fl-7a"/>
      </object_component>
      <object_component id="oc-716">
         <name>.text:ecvt</name>
         <load_address>0x11ffa</load_address>
         <run_address>0x11ffa</run_address>
         <size>0x210</size>
         <input_file_ref idref="fl-78"/>
      </object_component>
      <object_component id="oc-729">
         <name>.text:fcvt</name>
         <load_address>0x1220a</load_address>
         <run_address>0x1220a</run_address>
         <size>0x1fe</size>
         <input_file_ref idref="fl-78"/>
      </object_component>
      <object_component id="oc-6a7">
         <name>.text:_pconv_e</name>
         <load_address>0x12408</load_address>
         <run_address>0x12408</run_address>
         <size>0x1a4</size>
         <input_file_ref idref="fl-78"/>
      </object_component>
      <object_component id="oc-7f4">
         <name>.text:scalbn</name>
         <load_address>0x125ac</load_address>
         <run_address>0x125ac</run_address>
         <size>0x1a0</size>
         <input_file_ref idref="fl-97"/>
      </object_component>
      <object_component id="oc-67d">
         <name>.text:_getarg_diouxp</name>
         <load_address>0x1274c</load_address>
         <run_address>0x1274c</run_address>
         <size>0x188</size>
         <input_file_ref idref="fl-78"/>
      </object_component>
      <object_component id="oc-526">
         <name>.text:Init_Battery</name>
         <load_address>0x128d4</load_address>
         <run_address>0x128d4</run_address>
         <size>0x182</size>
         <input_file_ref idref="fl-2"/>
      </object_component>
      <object_component id="oc-6ad">
         <name>.text:_pconv_a</name>
         <load_address>0x12a56</load_address>
         <run_address>0x12a56</run_address>
         <size>0x170</size>
         <input_file_ref idref="fl-78"/>
      </object_component>
      <object_component id="oc-643">
         <name>.text:_pproc_diouxp</name>
         <load_address>0x12bc6</load_address>
         <run_address>0x12bc6</run_address>
         <size>0x148</size>
         <input_file_ref idref="fl-78"/>
      </object_component>
      <object_component id="oc-683">
         <name>.text:_ltostr</name>
         <load_address>0x12d0e</load_address>
         <run_address>0x12d0e</run_address>
         <size>0x12a</size>
         <input_file_ref idref="fl-78"/>
      </object_component>
      <object_component id="oc-69b">
         <name>.text:_pconv_g</name>
         <load_address>0x12e38</load_address>
         <run_address>0x12e38</run_address>
         <size>0xfc</size>
         <input_file_ref idref="fl-78"/>
      </object_component>
      <object_component id="oc-5d7">
         <name>.text:_pproc_fwp</name>
         <load_address>0x12f34</load_address>
         <run_address>0x12f34</run_address>
         <size>0xfa</size>
         <input_file_ref idref="fl-78"/>
      </object_component>
      <object_component id="oc-5c3">
         <name>.text:fputs</name>
         <load_address>0x1302e</load_address>
         <run_address>0x1302e</run_address>
         <size>0xf0</size>
         <input_file_ref idref="fl-94"/>
      </object_component>
      <object_component id="oc-57d">
         <name>.text:Switch</name>
         <load_address>0x1311e</load_address>
         <run_address>0x1311e</run_address>
         <size>0xea</size>
         <input_file_ref idref="fl-2"/>
      </object_component>
      <object_component id="oc-65f">
         <name>.text:setvbuf</name>
         <load_address>0x13208</load_address>
         <run_address>0x13208</run_address>
         <size>0xe0</size>
         <input_file_ref idref="fl-a1"/>
      </object_component>
      <object_component id="oc-6b3">
         <name>.text:__mspabi_cmpd</name>
         <load_address>0x132e8</load_address>
         <run_address>0x132e8</run_address>
         <size>0xd8</size>
         <input_file_ref idref="fl-79"/>
      </object_component>
      <object_component id="oc-6ca">
         <name>.text:malloc</name>
         <load_address>0x133c0</load_address>
         <run_address>0x133c0</run_address>
         <size>0xbc</size>
         <input_file_ref idref="fl-a4"/>
      </object_component>
      <object_component id="oc-78d">
         <name>.text:HOSTlseek</name>
         <load_address>0x1347c</load_address>
         <run_address>0x1347c</run_address>
         <size>0xb4</size>
         <input_file_ref idref="fl-9b"/>
      </object_component>
      <object_component id="oc-8c6">
         <name>.text:__TI_renormd</name>
         <load_address>0x13530</load_address>
         <run_address>0x13530</run_address>
         <size>0xb2</size>
         <input_file_ref idref="fl-8c"/>
      </object_component>
      <object_component id="oc-743">
         <name>.text:frexp</name>
         <load_address>0x135e2</load_address>
         <run_address>0x135e2</run_address>
         <size>0xb2</size>
         <input_file_ref idref="fl-95"/>
      </object_component>
      <object_component id="oc-5e3">
         <name>.text:_pproc_str</name>
         <load_address>0x13694</load_address>
         <run_address>0x13694</run_address>
         <size>0xa6</size>
         <input_file_ref idref="fl-78"/>
      </object_component>
      <object_component id="oc-7ba">
         <name>.text:__mspabi_fltlid</name>
         <load_address>0x1373a</load_address>
         <run_address>0x1373a</run_address>
         <size>0x9e</size>
         <input_file_ref idref="fl-80"/>
      </object_component>
      <object_component id="oc-71c">
         <name>.text:_ecpy</name>
         <load_address>0x137d8</load_address>
         <run_address>0x137d8</run_address>
         <size>0x90</size>
         <input_file_ref idref="fl-78"/>
      </object_component>
      <object_component id="oc-722">
         <name>.text:_mcpy</name>
         <load_address>0x13868</load_address>
         <run_address>0x13868</run_address>
         <size>0x90</size>
         <input_file_ref idref="fl-78"/>
      </object_component>
      <object_component id="oc-5ca">
         <name>.text:fputc</name>
         <load_address>0x138f8</load_address>
         <run_address>0x138f8</run_address>
         <size>0x90</size>
         <input_file_ref idref="fl-91"/>
      </object_component>
      <object_component id="oc-6c4">
         <name>.text:free</name>
         <load_address>0x13988</load_address>
         <run_address>0x13988</run_address>
         <size>0x8e</size>
         <input_file_ref idref="fl-a4"/>
      </object_component>
      <object_component id="oc-46c">
         <name>.text:main</name>
         <load_address>0x13a16</load_address>
         <run_address>0x13a16</run_address>
         <size>0x8c</size>
         <input_file_ref idref="fl-3"/>
      </object_component>
      <object_component id="oc-452">
         <name>.text:_auto_init_hold_wdt</name>
         <load_address>0x13aa2</load_address>
         <run_address>0x13aa2</run_address>
         <size>0x82</size>
         <input_file_ref idref="fl-6c"/>
      </object_component>
      <object_component id="oc-7b4">
         <name>.text:ltoa</name>
         <load_address>0x13b24</load_address>
         <run_address>0x13b24</run_address>
         <size>0x80</size>
         <input_file_ref idref="fl-9d"/>
      </object_component>
      <object_component id="oc-617">
         <name>.text:__TI_wrt_ok</name>
         <load_address>0x13ba4</load_address>
         <run_address>0x13ba4</run_address>
         <size>0x7e</size>
         <input_file_ref idref="fl-93"/>
      </object_component>
      <object_component id="oc-508">
         <name>.text:Init_Gpio</name>
         <load_address>0x13c22</load_address>
         <run_address>0x13c22</run_address>
         <size>0x7a</size>
         <input_file_ref idref="fl-2"/>
      </object_component>
      <object_component id="oc-6a1">
         <name>.text:_pconv_f</name>
         <load_address>0x13c9c</load_address>
         <run_address>0x13c9c</run_address>
         <size>0x78</size>
         <input_file_ref idref="fl-78"/>
      </object_component>
      <object_component id="oc-76">
         <name>.text:decompress:lzss:__TI_decompress_lzss</name>
         <load_address>0x13d14</load_address>
         <run_address>0x13d14</run_address>
         <size>0x78</size>
         <input_file_ref idref="fl-47"/>
      </object_component>
      <object_component id="oc-799">
         <name>.text:HOSTrename</name>
         <load_address>0x13d8c</load_address>
         <run_address>0x13d8c</run_address>
         <size>0x74</size>
         <input_file_ref idref="fl-9b"/>
      </object_component>
      <object_component id="oc-769">
         <name>.text:__TI_closefile</name>
         <load_address>0x13e00</load_address>
         <run_address>0x13e00</run_address>
         <size>0x74</size>
         <input_file_ref idref="fl-a3"/>
      </object_component>
      <object_component id="oc-775">
         <name>.text:HOSTopen</name>
         <load_address>0x13e74</load_address>
         <run_address>0x13e74</run_address>
         <size>0x70</size>
         <input_file_ref idref="fl-9b"/>
      </object_component>
      <object_component id="oc-787">
         <name>.text:HOSTwrite</name>
         <load_address>0x13ee4</load_address>
         <run_address>0x13ee4</run_address>
         <size>0x6c</size>
         <input_file_ref idref="fl-9b"/>
      </object_component>
      <object_component id="oc-781">
         <name>.text:HOSTread</name>
         <load_address>0x13f50</load_address>
         <run_address>0x13f50</run_address>
         <size>0x6a</size>
         <input_file_ref idref="fl-9b"/>
      </object_component>
      <object_component id="oc-793">
         <name>.text:HOSTunlink</name>
         <load_address>0x13fba</load_address>
         <run_address>0x13fba</run_address>
         <size>0x46</size>
         <input_file_ref idref="fl-9b"/>
      </object_component>
      <object_component id="oc-81d">
         <name>.bss:parmbuf</name>
         <uninitialized>true</uninitialized>
         <run_address>0x1e70</run_address>
         <size>0x8</size>
         <input_file_ref idref="fl-9b"/>
      </object_component>
      <object_component id="oc-75b">
         <name>.bss</name>
         <uninitialized>true</uninitialized>
         <run_address>0x1e66</run_address>
         <size>0xa</size>
         <input_file_ref idref="fl-a4"/>
      </object_component>
      <object_component id="oc-4c0">
         <name>.common:Charge_Bat_Num</name>
         <uninitialized>true</uninitialized>
         <run_address>0x1eaa</run_address>
         <size>0x1</size>
      </object_component>
      <object_component id="oc-49f">
         <name>.common:Discharge_Bat_Num</name>
         <uninitialized>true</uninitialized>
         <run_address>0x1eab</run_address>
         <size>0x1</size>
      </object_component>
      <object_component id="oc-4c2">
         <name>.common:Button1_Pressed</name>
         <uninitialized>true</uninitialized>
         <run_address>0x1ea8</run_address>
         <size>0x1</size>
      </object_component>
      <object_component id="oc-49a">
         <name>.common:Button4_Pressed</name>
         <uninitialized>true</uninitialized>
         <run_address>0x1ea9</run_address>
         <size>0x1</size>
      </object_component>
      <object_component id="oc-4a7">
         <name>.common:outbuffer</name>
         <uninitialized>true</uninitialized>
         <run_address>0x1e34</run_address>
         <size>0x32</size>
      </object_component>
      <object_component id="oc-4d3">
         <name>.common:counter</name>
         <uninitialized>true</uninitialized>
         <run_address>0x1ea4</run_address>
         <size>0x2</size>
      </object_component>
      <object_component id="oc-4c5">
         <name>.common:counter1</name>
         <uninitialized>true</uninitialized>
         <run_address>0x1ea6</run_address>
         <size>0x2</size>
      </object_component>
      <object_component id="oc-4d4">
         <name>.common:count</name>
         <uninitialized>true</uninitialized>
         <run_address>0x1ea0</run_address>
         <size>0x2</size>
      </object_component>
      <object_component id="oc-501">
         <name>.common:count1</name>
         <uninitialized>true</uninitialized>
         <run_address>0x1ea2</run_address>
         <size>0x2</size>
      </object_component>
      <object_component id="oc-4cd">
         <name>.common:logic</name>
         <uninitialized>true</uninitialized>
         <run_address>0x1ead</run_address>
         <size>0x1</size>
      </object_component>
      <object_component id="oc-4ae">
         <name>.common:length</name>
         <uninitialized>true</uninitialized>
         <run_address>0x1eac</run_address>
         <size>0x1</size>
      </object_component>
      <object_component id="oc-4c6">
         <name>.common:Vl2020</name>
         <uninitialized>true</uninitialized>
         <run_address>0x1e80</run_address>
         <size>0x8</size>
      </object_component>
      <object_component id="oc-4ce">
         <name>.common:Capacitor</name>
         <uninitialized>true</uninitialized>
         <run_address>0x1e78</run_address>
         <size>0x8</size>
      </object_component>
      <object_component id="oc-4cf">
         <name>.common:Vout</name>
         <uninitialized>true</uninitialized>
         <run_address>0x1e88</run_address>
         <size>0x8</size>
      </object_component>
      <object_component id="oc-56f">
         <name>.common:Result</name>
         <uninitialized>true</uninitialized>
         <run_address>0x1e9c</run_address>
         <size>0x4</size>
      </object_component>
      <object_component id="oc-4b5">
         <name>.common:ADC_ResultA7</name>
         <uninitialized>true</uninitialized>
         <run_address>0x1e98</run_address>
         <size>0x4</size>
      </object_component>
      <object_component id="oc-4c3">
         <name>.common:ADC_ResultA10</name>
         <uninitialized>true</uninitialized>
         <run_address>0x1e90</run_address>
         <size>0x4</size>
      </object_component>
      <object_component id="oc-500">
         <name>.common:ADC_ResultA11</name>
         <uninitialized>true</uninitialized>
         <run_address>0x1e94</run_address>
         <size>0x4</size>
      </object_component>
      <object_component id="oc-4d1">
         <name>.common:test</name>
         <uninitialized>true</uninitialized>
         <run_address>0x1eae</run_address>
         <size>0x1</size>
      </object_component>
      <object_component id="oc-812">
         <name>.common:__TI_tmpnams</name>
         <uninitialized>true</uninitialized>
         <run_address>0x1d94</run_address>
         <size>0xa0</size>
      </object_component>
      <object_component id="oc-4ee">
         <name>.data</name>
         <load_address>0x1d90</load_address>
         <run_address>0x1d90</run_address>
         <size>0x2</size>
         <input_file_ref idref="fl-71"/>
      </object_component>
      <object_component id="oc-4f7">
         <name>.data:__TI_cleanup_ptr</name>
         <load_address>0x1d7c</load_address>
         <run_address>0x1d7c</run_address>
         <size>0x4</size>
         <input_file_ref idref="fl-72"/>
      </object_component>
      <object_component id="oc-4f4">
         <name>.data:__TI_dtors_ptr</name>
         <load_address>0x1d80</load_address>
         <run_address>0x1d80</run_address>
         <size>0x4</size>
         <input_file_ref idref="fl-72"/>
      </object_component>
      <object_component id="oc-4f1">
         <name>.data:_lock</name>
         <load_address>0x1d84</load_address>
         <run_address>0x1d84</run_address>
         <size>0x4</size>
         <input_file_ref idref="fl-73"/>
      </object_component>
      <object_component id="oc-4fa">
         <name>.data:_unlock</name>
         <load_address>0x1d88</load_address>
         <run_address>0x1d88</run_address>
         <size>0x4</size>
         <input_file_ref idref="fl-73"/>
      </object_component>
      <object_component id="oc-547">
         <name>.data:_ftable</name>
         <load_address>0x1c00</load_address>
         <run_address>0x1c00</run_address>
         <size>0xc8</size>
         <input_file_ref idref="fl-8d"/>
      </object_component>
      <object_component id="oc-76f">
         <name>.data</name>
         <load_address>0x1d8c</load_address>
         <run_address>0x1d8c</run_address>
         <size>0x2</size>
         <input_file_ref idref="fl-8d"/>
      </object_component>
      <object_component id="oc-86a">
         <name>.data</name>
         <load_address>0x1d8e</load_address>
         <run_address>0x1d8e</run_address>
         <size>0x2</size>
         <input_file_ref idref="fl-99"/>
      </object_component>
      <object_component id="oc-6e3">
         <name>.data:_device</name>
         <load_address>0x1cc8</load_address>
         <run_address>0x1cc8</run_address>
         <size>0x78</size>
         <input_file_ref idref="fl-9a"/>
      </object_component>
      <object_component id="oc-66b">
         <name>.data:_stream</name>
         <load_address>0x1d40</load_address>
         <run_address>0x1d40</run_address>
         <size>0x3c</size>
         <input_file_ref idref="fl-9a"/>
      </object_component>
      <object_component id="oc-75f">
         <name>.data</name>
         <load_address>0x1d92</load_address>
         <run_address>0x1d92</run_address>
         <size>0x2</size>
         <input_file_ref idref="fl-a4"/>
      </object_component>
      <object_component id="oc-403">
         <name>.stack</name>
         <uninitialized>true</uninitialized>
         <run_address>0x2180</run_address>
         <size>0x4</size>
         <input_file_ref idref="fl-6a"/>
      </object_component>
      <object_component id="oc-952">
         <name>.stack</name>
         <uninitialized>true</uninitialized>
         <run_address>0x2180</run_address>
         <size>0x0</size>
      </object_component>
      <object_component id="oc-82">
         <name>.int30</name>
         <load_address>0xffcc</load_address>
         <run_address>0xffcc</run_address>
         <size>0x2</size>
         <input_file_ref idref="fl-49"/>
      </object_component>
      <object_component id="oc-83">
         <name>.int31</name>
         <load_address>0xffce</load_address>
         <run_address>0xffce</run_address>
         <size>0x2</size>
         <input_file_ref idref="fl-4b"/>
      </object_component>
      <object_component id="oc-84">
         <name>.int32</name>
         <load_address>0xffd0</load_address>
         <run_address>0xffd0</run_address>
         <size>0x2</size>
         <input_file_ref idref="fl-3"/>
      </object_component>
      <object_component id="oc-85">
         <name>.int33</name>
         <load_address>0xffd2</load_address>
         <run_address>0xffd2</run_address>
         <size>0x2</size>
         <input_file_ref idref="fl-4c"/>
      </object_component>
      <object_component id="oc-86">
         <name>.int34</name>
         <load_address>0xffd4</load_address>
         <run_address>0xffd4</run_address>
         <size>0x2</size>
         <input_file_ref idref="fl-4d"/>
      </object_component>
      <object_component id="oc-87">
         <name>.int35</name>
         <load_address>0xffd6</load_address>
         <run_address>0xffd6</run_address>
         <size>0x2</size>
         <input_file_ref idref="fl-4e"/>
      </object_component>
      <object_component id="oc-88">
         <name>.int36</name>
         <load_address>0xffd8</load_address>
         <run_address>0xffd8</run_address>
         <size>0x2</size>
         <input_file_ref idref="fl-4f"/>
      </object_component>
      <object_component id="oc-89">
         <name>.int37</name>
         <load_address>0xffda</load_address>
         <run_address>0xffda</run_address>
         <size>0x2</size>
         <input_file_ref idref="fl-50"/>
      </object_component>
      <object_component id="oc-8a">
         <name>.int38</name>
         <load_address>0xffdc</load_address>
         <run_address>0xffdc</run_address>
         <size>0x2</size>
         <input_file_ref idref="fl-51"/>
      </object_component>
      <object_component id="oc-8b">
         <name>.int39</name>
         <load_address>0xffde</load_address>
         <run_address>0xffde</run_address>
         <size>0x2</size>
         <input_file_ref idref="fl-3"/>
      </object_component>
      <object_component id="oc-8c">
         <name>.int40</name>
         <load_address>0xffe0</load_address>
         <run_address>0xffe0</run_address>
         <size>0x2</size>
         <input_file_ref idref="fl-52"/>
      </object_component>
      <object_component id="oc-8d">
         <name>.int41</name>
         <load_address>0xffe2</load_address>
         <run_address>0xffe2</run_address>
         <size>0x2</size>
         <input_file_ref idref="fl-3"/>
      </object_component>
      <object_component id="oc-8e">
         <name>.int42</name>
         <load_address>0xffe4</load_address>
         <run_address>0xffe4</run_address>
         <size>0x2</size>
         <input_file_ref idref="fl-53"/>
      </object_component>
      <object_component id="oc-8f">
         <name>.int43</name>
         <load_address>0xffe6</load_address>
         <run_address>0xffe6</run_address>
         <size>0x2</size>
         <input_file_ref idref="fl-3"/>
      </object_component>
      <object_component id="oc-90">
         <name>.int44</name>
         <load_address>0xffe8</load_address>
         <run_address>0xffe8</run_address>
         <size>0x2</size>
         <input_file_ref idref="fl-54"/>
      </object_component>
      <object_component id="oc-91">
         <name>.int45</name>
         <load_address>0xffea</load_address>
         <run_address>0xffea</run_address>
         <size>0x2</size>
         <input_file_ref idref="fl-3"/>
      </object_component>
      <object_component id="oc-92">
         <name>.int46</name>
         <load_address>0xffec</load_address>
         <run_address>0xffec</run_address>
         <size>0x2</size>
         <input_file_ref idref="fl-55"/>
      </object_component>
      <object_component id="oc-93">
         <name>.int47</name>
         <load_address>0xffee</load_address>
         <run_address>0xffee</run_address>
         <size>0x2</size>
         <input_file_ref idref="fl-56"/>
      </object_component>
      <object_component id="oc-94">
         <name>.int48</name>
         <load_address>0xfff0</load_address>
         <run_address>0xfff0</run_address>
         <size>0x2</size>
         <input_file_ref idref="fl-57"/>
      </object_component>
      <object_component id="oc-95">
         <name>.int49</name>
         <load_address>0xfff2</load_address>
         <run_address>0xfff2</run_address>
         <size>0x2</size>
         <input_file_ref idref="fl-58"/>
      </object_component>
      <object_component id="oc-96">
         <name>.int50</name>
         <load_address>0xfff4</load_address>
         <run_address>0xfff4</run_address>
         <size>0x2</size>
         <input_file_ref idref="fl-59"/>
      </object_component>
      <object_component id="oc-97">
         <name>.int51</name>
         <load_address>0xfff6</load_address>
         <run_address>0xfff6</run_address>
         <size>0x2</size>
         <input_file_ref idref="fl-5a"/>
      </object_component>
      <object_component id="oc-98">
         <name>.int52</name>
         <load_address>0xfff8</load_address>
         <run_address>0xfff8</run_address>
         <size>0x2</size>
         <input_file_ref idref="fl-5b"/>
      </object_component>
      <object_component id="oc-99">
         <name>.int53</name>
         <load_address>0xfffa</load_address>
         <run_address>0xfffa</run_address>
         <size>0x2</size>
         <input_file_ref idref="fl-5c"/>
      </object_component>
      <object_component id="oc-9a">
         <name>.int54</name>
[...]
      </symbol>
      <symbol id="sm-639">
         <name>_unlock</name>
         <value>0x1d88</value>
         <object_component_ref idref="oc-4fa"/>
      </symbol>
      <symbol id="sm-654">
         <name>copy_in</name>
         <value>0x5192</value>
         <object_component_ref idref="oc-4d9"/>
      </symbol>
      <symbol id="sm-663">
         <name>memcpy</name>
         <value>0x5bc2</value>
         <object_component_ref idref="oc-415"/>
      </symbol>
      <symbol id="sm-686">
         <name>printf</name>
         <value>0x5504</value>
         <object_component_ref idref="oc-4a1"/>
      </symbol>
      <symbol id="sm-833">
         <name>__TI_printfi</name>
         <value>0x11978</value>
         <object_component_ref idref="oc-556"/>
      </symbol>
      <symbol id="sm-852">
         <name>__mspabi_cmpd</name>
         <value>0x132e8</value>
         <object_component_ref idref="oc-6b3"/>
      </symbol>
      <symbol id="sm-873">
         <name>__mspabi_divd</name>
         <value>0x11dd8</value>
         <object_component_ref idref="oc-73c"/>
      </symbol>
      <symbol id="sm-88e">
         <name>__TI_frcdivd</name>
         <value>0x10000</value>
         <object_component_ref idref="oc-7e5"/>
      </symbol>
      <symbol id="sm-8c1">
         <name>__mspabi_divull</name>
         <value>0x10478</value>
         <object_component_ref idref="oc-6fc"/>
      </symbol>
      <symbol id="sm-8ce">
         <name>__mspabi_fixdi</name>
         <value>0x5a3a</value>
         <object_component_ref idref="oc-7c6"/>
      </symbol>
      <symbol id="sm-8dd">
         <name>__mspabi_fixdli</name>
         <value>0x512c</value>
         <object_component_ref idref="oc-7cc"/>
      </symbol>
      <symbol id="sm-8e6">
         <name>__mspabi_fltid</name>
         <value>0x5c66</value>
         <object_component_ref idref="oc-800"/>
      </symbol>
      <symbol id="sm-8fe">
         <name>__mspabi_fltlid</name>
         <value>0x1373a</value>
         <object_component_ref idref="oc-7ba"/>
      </symbol>
      <symbol id="sm-91e">
         <name>__mspabi_mpyd</name>
         <value>0x10fe6</value>
         <object_component_ref idref="oc-736"/>
      </symbol>
      <symbol id="sm-92f">
         <name>__TI_frcmpyd</name>
         <value>0x10d60</value>
         <object_component_ref idref="oc-7dd"/>
      </symbol>
      <symbol id="sm-938">
         <name>__mspabi_negd</name>
         <value>0x5984</value>
         <object_component_ref idref="oc-695"/>
      </symbol>
      <symbol id="sm-948">
         <name>__mspabi_slll_9</name>
         <value>0x566a</value>
         <object_component_ref idref="oc-836"/>
      </symbol>
      <symbol id="sm-949">
         <name>__mspabi_slll_8</name>
         <value>0x566e</value>
         <object_component_ref idref="oc-836"/>
      </symbol>
      <symbol id="sm-94a">
         <name>__mspabi_slll_7</name>
         <value>0x5672</value>
         <object_component_ref idref="oc-836"/>
      </symbol>
      <symbol id="sm-94b">
         <name>__mspabi_slll_6</name>
         <value>0x5676</value>
         <object_component_ref idref="oc-836"/>
      </symbol>
      <symbol id="sm-94c">
         <name>__mspabi_slll_5</name>
         <value>0x567a</value>
         <object_component_ref idref="oc-836"/>
      </symbol>
      <symbol id="sm-94d">
         <name>__mspabi_slll_4</name>
         <value>0x567e</value>
         <object_component_ref idref="oc-836"/>
      </symbol>
      <symbol id="sm-94e">
         <name>__mspabi_slll_3</name>
         <value>0x5682</value>
         <object_component_ref idref="oc-836"/>
      </symbol>
      <symbol id="sm-94f">
         <name>__mspabi_slll_2</name>
         <value>0x5686</value>
         <object_component_ref idref="oc-836"/>
      </symbol>
      <symbol id="sm-950">
         <name>__mspabi_slll_1</name>
         <value>0x568a</value>
         <object_component_ref idref="oc-836"/>
      </symbol>
      <symbol id="sm-951">
         <name>__mspabi_slll</name>
         <value>0x5c1c</value>
         <object_component_ref idref="oc-8bc"/>
      </symbol>
      <symbol id="sm-952">
         <name>__mspabi_slll_15</name>
         <value>0x5652</value>
         <object_component_ref idref="oc-836"/>
      </symbol>
      <symbol id="sm-953">
         <name>__mspabi_slll_14</name>
         <value>0x5656</value>
         <object_component_ref idref="oc-836"/>
      </symbol>
      <symbol id="sm-954">
         <name>__mspabi_slll_13</name>
         <value>0x565a</value>
         <object_component_ref idref="oc-836"/>
      </symbol>
      <symbol id="sm-955">
         <name>__mspabi_slll_12</name>
         <value>0x565e</value>
         <object_component_ref idref="oc-836"/>
      </symbol>
      <symbol id="sm-956">
         <name>__mspabi_slll_11</name>
         <value>0x5662</value>
         <object_component_ref idref="oc-836"/>
      </symbol>
      <symbol id="sm-957">
         <name>__mspabi_slll_10</name>
         <value>0x5666</value>
         <object_component_ref idref="oc-836"/>
      </symbol>
      <symbol id="sm-964">
         <name>__mspabi_sllll</name>
         <value>0x5748</value>
         <object_component_ref idref="oc-7a3"/>
      </symbol>
      <symbol id="sm-974">
         <name>__mspabi_sral</name>
         <value>0x5c0c</value>
         <object_component_ref idref="oc-8c1"/>
      </symbol>
      <symbol id="sm-975">
         <name>__mspabi_sral_15</name>
         <value>0x5614</value>
         <object_component_ref idref="oc-831"/>
      </symbol>
      <symbol id="sm-976">
         <name>__mspabi_sral_14</name>
         <value>0x5618</value>
         <object_component_ref idref="oc-831"/>
      </symbol>
      <symbol id="sm-977">
         <name>__mspabi_sral_13</name>
         <value>0x561c</value>
         <object_component_ref idref="oc-831"/>
      </symbol>
      <symbol id="sm-978">
         <name>__mspabi_sral_12</name>
         <value>0x5620</value>
         <object_component_ref idref="oc-831"/>
      </symbol>
      <symbol id="sm-979">
         <name>__mspabi_sral_11</name>
         <value>0x5624</value>
         <object_component_ref idref="oc-831"/>
      </symbol>
      <symbol id="sm-97a">
         <name>__mspabi_sral_10</name>
         <value>0x5628</value>
         <object_component_ref idref="oc-831"/>
      </symbol>
      <symbol id="sm-97b">
         <name>__mspabi_sral_8</name>
         <value>0x5630</value>
         <object_component_ref idref="oc-831"/>
      </symbol>
      <symbol id="sm-97c">
         <name>__mspabi_sral_9</name>
         <value>0x562c</value>
         <object_component_ref idref="oc-831"/>
      </symbol>
      <symbol id="sm-97d">
         <name>__mspabi_sral_6</name>
         <value>0x5638</value>
         <object_component_ref idref="oc-831"/>
      </symbol>
      <symbol id="sm-97e">
         <name>__mspabi_sral_7</name>
         <value>0x5634</value>
         <object_component_ref idref="oc-831"/>
      </symbol>
      <symbol id="sm-97f">
         <name>__mspabi_sral_4</name>
         <value>0x5640</value>
         <object_component_ref idref="oc-831"/>
      </symbol>
      <symbol id="sm-980">
         <name>__mspabi_sral_5</name>
         <value>0x563c</value>
         <object_component_ref idref="oc-831"/>
      </symbol>
      <symbol id="sm-981">
         <name>__mspabi_sral_2</name>
         <value>0x5648</value>
         <object_component_ref idref="oc-831"/>
      </symbol>
      <symbol id="sm-982">
         <name>__mspabi_sral_3</name>
         <value>0x5644</value>
         <object_component_ref idref="oc-831"/>
      </symbol>
      <symbol id="sm-983">
         <name>__mspabi_sral_1</name>
         <value>0x564c</value>
         <object_component_ref idref="oc-831"/>
      </symbol>
      <symbol id="sm-993">
         <name>__mspabi_srll_8</name>
         <value>0x56ac</value>
         <object_component_ref idref="oc-84f"/>
      </symbol>
      <symbol id="sm-994">
         <name>__mspabi_srll_9</name>
         <value>0x56a8</value>
         <object_component_ref idref="oc-84f"/>
      </symbol>
      <symbol id="sm-995">
         <name>__mspabi_srll_6</name>
         <value>0x56b4</value>
         <object_component_ref idref="oc-84f"/>
      </symbol>
      <symbol id="sm-996">
         <name>__mspabi_srll_7</name>
         <value>0x56b0</value>
         <object_component_ref idref="oc-84f"/>
      </symbol>
      <symbol id="sm-997">
         <name>__mspabi_srll_4</name>
         <value>0x56bc</value>
         <object_component_ref idref="oc-84f"/>
      </symbol>
      <symbol id="sm-998">
         <name>__mspabi_srll_5</name>
         <value>0x56b8</value>
         <object_component_ref idref="oc-84f"/>
      </symbol>
      <symbol id="sm-999">
         <name>__mspabi_srll_2</name>
         <value>0x56c4</value>
         <object_component_ref idref="oc-84f"/>
      </symbol>
      <symbol id="sm-99a">
         <name>__mspabi_srll_3</name>
         <value>0x56c0</value>
         <object_component_ref idref="oc-84f"/>
      </symbol>
      <symbol id="sm-99b">
         <name>__mspabi_srll_1</name>
         <value>0x56c8</value>
         <object_component_ref idref="oc-84f"/>
      </symbol>
      <symbol id="sm-99c">
         <name>__mspabi_srll_15</name>
         <value>0x5690</value>
         <object_component_ref idref="oc-84f"/>
      </symbol>
      <symbol id="sm-99d">
         <name>__mspabi_srll_14</name>
         <value>0x5694</value>
         <object_component_ref idref="oc-84f"/>
      </symbol>
      <symbol id="sm-99e">
         <name>__mspabi_srll_13</name>
         <value>0x5698</value>
         <object_component_ref idref="oc-84f"/>
      </symbol>
      <symbol id="sm-99f">
         <name>__mspabi_srll_12</name>
         <value>0x569c</value>
         <object_component_ref idref="oc-84f"/>
      </symbol>
      <symbol id="sm-9a0">
         <name>__mspabi_srll_11</name>
         <value>0x56a0</value>
         <object_component_ref idref="oc-84f"/>
      </symbol>
      <symbol id="sm-9a1">
         <name>__mspabi_srll_10</name>
         <value>0x56a4</value>
         <object_component_ref idref="oc-84f"/>
      </symbol>
      <symbol id="sm-9a2">
         <name>__mspabi_srll</name>
         <value>0x5c2c</value>
         <object_component_ref idref="oc-7a9"/>
      </symbol>
      <symbol id="sm-9af">
         <name>__mspabi_srlll</name>
         <value>0x5782</value>
         <object_component_ref idref="oc-707"/>
      </symbol>
      <symbol id="sm-9b8">
         <name>__mspabi_subd</name>
         <value>0x58c2</value>
         <object_component_ref idref="oc-7c0"/>
      </symbol>
      <symbol id="sm-9da">
         <name>__mspabi_addd</name>
         <value>0x107c6</value>
         <object_component_ref idref="oc-856"/>
      </symbol>
      <symbol id="sm-9fb">
         <name>__TI_frcaddd</name>
         <value>0x11726</value>
         <object_component_ref idref="oc-896"/>
      </symbol>
      <symbol id="sm-a0f">
         <name>__TI_renormd</name>
         <value>0x13530</value>
         <object_component_ref idref="oc-8c6"/>
      </symbol>
      <symbol id="sm-a1f">
         <name>__TI_tmpnams</name>
         <value>0x1d94</value>
      </symbol>
      <symbol id="sm-a20">
         <name>_ftable</name>
         <value>0x1c00</value>
         <object_component_ref idref="oc-547"/>
      </symbol>
      <symbol id="sm-a21">
         <name>__TI_ft_end</name>
         <value>0x1d8c</value>
         <object_component_ref idref="oc-76f"/>
      </symbol>
      <symbol id="sm-a2b">
         <name>abs</name>
         <value>0x5c72</value>
         <object_component_ref idref="oc-7d3"/>
      </symbol>
      <symbol id="sm-a3e">
         <name>atoi</name>
         <value>0x525c</value>
         <object_component_ref idref="oc-635"/>
      </symbol>
      <symbol id="sm-a48">
         <name>_ctypes_</name>
         <value>0x5dd4</value>
         <object_component_ref idref="oc-676"/>
      </symbol>
      <symbol id="sm-a5b">
         <name>putc</name>
         <value>0x138f8</value>
         <object_component_ref idref="oc-5ca"/>
      </symbol>
      <symbol id="sm-a5c">
         <name>fputc</name>
         <value>0x138f8</value>
         <object_component_ref idref="oc-5ca"/>
      </symbol>
      <symbol id="sm-a6d">
         <name>__TI_doflush</name>
         <value>0x51f8</value>
         <object_component_ref idref="oc-623"/>
      </symbol>
      <symbol id="sm-a85">
         <name>__TI_wrt_ok</name>
         <value>0x13ba4</value>
         <object_component_ref idref="oc-617"/>
      </symbol>
      <symbol id="sm-a9d">
         <name>fputs</name>
         <value>0x1302e</value>
         <object_component_ref idref="oc-5c3"/>
      </symbol>
      <symbol id="sm-ab4">
         <name>frexpl</name>
         <value>0x135e2</value>
         <object_component_ref idref="oc-743"/>
      </symbol>
      <symbol id="sm-ab5">
         <name>frexp</name>
         <value>0x135e2</value>
         <object_component_ref idref="oc-743"/>
      </symbol>
      <symbol id="sm-aca">
         <name>fseek</name>
         <value>0x50c2</value>
         <object_component_ref idref="oc-659"/>
      </symbol>
      <symbol id="sm-ae4">
         <name>scalbn</name>
         <value>0x125ac</value>
         <object_component_ref idref="oc-7f4"/>
      </symbol>
      <symbol id="sm-ae5">
         <name>scalbnl</name>
         <value>0x125ac</value>
         <object_component_ref idref="oc-7f4"/>
      </symbol>
      <symbol id="sm-ae6">
         <name>ldexpl</name>
         <value>0x125ac</value>
         <object_component_ref idref="oc-7f4"/>
      </symbol>
      <symbol id="sm-ae7">
         <name>ldexp</name>
         <value>0x125ac</value>
         <object_component_ref idref="oc-7f4"/>
      </symbol>
      <symbol id="sm-af0">
         <name>copysign</name>
         <value>0x59b2</value>
         <object_component_ref idref="oc-86d"/>
      </symbol>
      <symbol id="sm-af1">
         <name>copysignl</name>
         <value>0x59b2</value>
         <object_component_ref idref="oc-86d"/>
      </symbol>
      <symbol id="sm-af8">
         <name>errno</name>
         <value>0x1d8e</value>
         <object_component_ref idref="oc-86a"/>
      </symbol>
      <symbol id="sm-b4b">
         <name>lseek</name>
         <value>0x56ce</value>
         <object_component_ref idref="oc-6bc"/>
      </symbol>
      <symbol id="sm-b4c">
         <name>write</name>
         <value>0x570c</value>
         <object_component_ref idref="oc-629"/>
      </symbol>
      <symbol id="sm-b4d">
         <name>close</name>
         <value>0x52be</value>
         <object_component_ref idref="oc-80c"/>
      </symbol>
      <symbol id="sm-b4e">
         <name>unlink</name>
         <value>0x5926</value>
         <object_component_ref idref="oc-813"/>
      </symbol>
      <symbol id="sm-b8d">
         <name>HOSTrename</name>
         <value>0x13d8c</value>
         <object_component_ref idref="oc-799"/>
      </symbol>
      <symbol id="sm-b8e">
         <name>HOSTclose</name>
         <value>0x541e</value>
         <object_component_ref idref="oc-77b"/>
      </symbol>
      <symbol id="sm-b8f">
         <name>HOSTunlink</name>
         <value>0x13fba</value>
         <object_component_ref idref="oc-793"/>
      </symbol>
      <symbol id="sm-b90">
         <name>HOSTlseek</name>
         <value>0x1347c</value>
         <object_component_ref idref="oc-78d"/>
      </symbol>
      <symbol id="sm-b91">
         <name>HOSTopen</name>
         <value>0x13e74</value>
         <object_component_ref idref="oc-775"/>
      </symbol>
      <symbol id="sm-b92">
         <name>HOSTwrite</name>
         <value>0x13ee4</value>
         <object_component_ref idref="oc-787"/>
      </symbol>
      <symbol id="sm-b93">
         <name>HOSTread</name>
         <value>0x13f50</value>
         <object_component_ref idref="oc-781"/>
      </symbol>
      <symbol id="sm-bb1">
         <name>__TI_readmsg</name>
         <value>0x5890</value>
         <object_component_ref idref="oc-826"/>
      </symbol>
      <symbol id="sm-bb2">
         <name>C$$IO$$</name>
         <value>0x5824</value>
         <object_component_ref idref="oc-820"/>
      </symbol>
      <symbol id="sm-bb3">
         <name>_CIOBUF_</name>
         <value>0x4400</value>
         <object_component_ref idref="oc-884"/>
      </symbol>
      <symbol id="sm-bb4">
         <name>__TI_writemsg</name>
         <value>0x57f2</value>
         <object_component_ref idref="oc-820"/>
      </symbol>
      <symbol id="sm-bc3">
         <name>ltoa</name>
         <value>0x13b24</value>
         <object_component_ref idref="oc-7b4"/>
      </symbol>
      <symbol id="sm-bd2">
         <name>memccpy</name>
         <value>0x5aca</value>
         <object_component_ref idref="oc-64f"/>
      </symbol>
      <symbol id="sm-be1">
         <name>memchr</name>
         <value>0x5b6c</value>
         <object_component_ref idref="oc-61d"/>
      </symbol>
      <symbol id="sm-bef">
         <name>memset</name>
         <value>0x5b82</value>
         <object_component_ref idref="oc-63b"/>
      </symbol>
      <symbol id="sm-c07">
         <name>setvbuf</name>
         <value>0x13208</value>
         <object_component_ref idref="oc-65f"/>
      </symbol>
      <symbol id="sm-c13">
         <name>__TI_cleanup</name>
         <value>0x57bc</value>
         <object_component_ref idref="oc-6d0"/>
      </symbol>
      <symbol id="sm-c24">
         <name>__TI_closefile</name>
         <value>0x13e00</value>
         <object_component_ref idref="oc-769"/>
      </symbol>
      <symbol id="sm-c73">
         <name>_sys_memory</name>
         <value>0x4520</value>
         <object_component_ref idref="oc-407"/>
      </symbol>
      <symbol id="sm-c74">
         <name>free</name>
         <value>0x13988</value>
         <object_component_ref idref="oc-6c4"/>
      </symbol>
      <symbol id="sm-c75">
         <name>malloc</name>
         <value>0x133c0</value>
         <object_component_ref idref="oc-6ca"/>
      </symbol>
      <symbol id="sm-c76">
         <name>minit</name>
         <value>0x5592</value>
         <object_component_ref idref="oc-762"/>
      </symbol>
      <symbol id="sm-c93">
         <name>sprintf</name>
         <value>0x554e</value>
         <object_component_ref idref="oc-4a8"/>
      </symbol>
      <symbol id="sm-ca2">
         <name>strchr</name>
         <value>0x5ae8</value>
         <object_component_ref idref="oc-7fa"/>
      </symbol>
      <symbol id="sm-cb0">
         <name>strcmp</name>
         <value>0x5b04</value>
         <object_component_ref idref="oc-8d2"/>
      </symbol>
      <symbol id="sm-cbd">
         <name>strcpy</name>
         <value>0x5be8</value>
         <object_component_ref idref="oc-83d"/>
      </symbol>
      <symbol id="sm-cca">
         <name>strlen</name>
         <value>0x5c58</value>
         <object_component_ref idref="oc-5d1"/>
      </symbol>
      <symbol id="sm-cda">
         <name>strncpy</name>
         <value>0x58f4</value>
         <object_component_ref idref="oc-8a9"/>
      </symbol>
      <symbol id="sm-ce7">
         <name>toupper</name>
         <value>0x5bfa</value>
         <object_component_ref idref="oc-68f"/>
      </symbol>
      <symbol id="sm-cec">
         <name>__TI_BINIT_Base</name>
         <value>0x0</value>
      </symbol>
      <symbol id="sm-ced">
         <name>__TI_BINIT_Limit</name>
         <value>0x0</value>
      </symbol>
      <symbol id="sm-cee">
         <name>__TI_INITARRAY_Base</name>
         <value>0x0</value>
      </symbol>
      <symbol id="sm-cef">
         <name>__TI_INITARRAY_Limit</name>
         <value>0x0</value>
      </symbol>
      <symbol id="sm-cf0">
         <name>remove</name>
         <value>0x5926</value>
      </symbol>
   </symbol_table>
   <title>Link successful</title>
</link_info>
