******************************************************************************
                  MSP430 Linker PC v16.9.3                     
******************************************************************************
>> Linked Sun Aug 06 19:17:35 2017

OUTPUT FILE NAME:   <emptyProject.out>
ENTRY POINT SYMBOL: "_c_int00_noargs_mpu"  address: 00005084


MEMORY CONFIGURATION

         name            origin    length      used     unused   attr    fill
----------------------  --------  ---------  --------  --------  ----  --------
  SFR                   00000000   00000010  00000000  00000010  RWIX
  PERIPHERALS_8BIT      00000010   000000f0  00000000  000000f0  RWIX
  PERIPHERALS_16BIT     00000100   00000100  00000000  00000100  RWIX
  INFOD                 00001800   00000080  00000000  00000080  RWIX
  INFOC                 00001880   00000080  00000000  00000080  RWIX
  INFOB                 00001900   00000080  00000000  00000080  RWIX
  INFOA                 00001980   00000080  00000000  00000080  RWIX
  RAM                   00001c00   00000800  0000052f  000002d1  RWIX
  FRAM                  00004400   0000bb80  00001bac  00009fd4  RWIX
  JTAGSIGNATURE         0000ff80   00000004  00000004  00000000  RWIX  ffff 
  BSLSIGNATURE          0000ff84   00000004  00000004  00000000  RWIX  ffff 
  IPESIGNATURE          0000ff88   00000008  00000008  00000000  RWIX  ffff 
  INT00                 0000ff90   00000002  00000000  00000002  RWIX
  INT01                 0000ff92   00000002  00000000  00000002  RWIX
  INT02                 0000ff94   00000002  00000000  00000002  RWIX
  INT03                 0000ff96   00000002  00000000  00000002  RWIX
  INT04                 0000ff98   00000002  00000000  00000002  RWIX
  INT05                 0000ff9a   00000002  00000000  00000002  RWIX
  INT06                 0000ff9c   00000002  00000000  00000002  RWIX
  INT07                 0000ff9e   00000002  00000000  00000002  RWIX
  INT08                 0000ffa0   00000002  00000000  00000002  RWIX
  INT09                 0000ffa2   00000002  00000000  00000002  RWIX
  INT10                 0000ffa4   00000002  00000000  00000002  RWIX
  INT11                 0000ffa6   00000002  00000000  00000002  RWIX
  INT12                 0000ffa8   00000002  00000000  00000002  RWIX
  INT13                 0000ffaa   00000002  00000000  00000002  RWIX
  INT14                 0000ffac   00000002  00000000  00000002  RWIX
  INT15                 0000ffae   00000002  00000000  00000002  RWIX
  INT16                 0000ffb0   00000002  00000000  00000002  RWIX
  INT17                 0000ffb2   00000002  00000000  00000002  RWIX
  INT18                 0000ffb4   00000002  00000000  00000002  RWIX
  INT19                 0000ffb6   00000002  00000000  00000002  RWIX
  INT20                 0000ffb8   00000002  00000000  00000002  RWIX
  INT21                 0000ffba   00000002  00000000  00000002  RWIX
  INT22                 0000ffbc   00000002  00000000  00000002  RWIX
  INT23                 0000ffbe   00000002  00000000  00000002  RWIX
  INT24                 0000ffc0   00000002  00000000  00000002  RWIX
  INT25                 0000ffc2   00000002  00000000  00000002  RWIX
  INT26                 0000ffc4   00000002  00000000  00000002  RWIX
  INT27                 0000ffc6   00000002  00000000  00000002  RWIX
  INT28                 0000ffc8   00000002  00000000  00000002  RWIX
  INT29                 0000ffca   00000002  00000000  00000002  RWIX
  INT30                 0000ffcc   00000002  00000002  00000000  RWIX
  INT31                 0000ffce   00000002  00000002  00000000  RWIX
  INT32                 0000ffd0   00000002  00000002  00000000  RWIX
  INT33                 0000ffd2   00000002  00000002  00000000  RWIX
  INT34                 0000ffd4   00000002  00000002  00000000  RWIX
  INT35                 0000ffd6   00000002  00000002  00000000  RWIX
  INT36                 0000ffd8   00000002  00000002  00000000  RWIX
  INT37                 0000ffda   00000002  00000002  00000000  RWIX
  INT38                 0000ffdc   00000002  00000002  00000000  RWIX
  INT39                 0000ffde   00000002  00000002  00000000  RWIX
  INT40                 0000ffe0   00000002  00000002  00000000  RWIX
  INT41                 0000ffe2   00000002  00000002  00000000  RWIX
  INT42                 0000ffe4   00000002  00000002  00000000  RWIX
  INT43                 0000ffe6   00000002  00000002  00000000  RWIX
  INT44                 0000ffe8   00000002  00000002  00000000  RWIX
  INT45                 0000ffea   00000002  00000002  00000000  RWIX
  INT46                 0000ffec   00000002  00000002  00000000  RWIX
  INT47                 0000ffee   00000002  00000002  00000000  RWIX
  INT48                 0000fff0   00000002  00000002  00000000  RWIX
  INT49                 0000fff2   00000002  00000002  00000000  RWIX
  INT50                 0000fff4   00000002  00000002  00000000  RWIX
  INT51                 0000fff6   00000002  00000002  00000000  RWIX
  INT52                 0000fff8   00000002  00000002  00000000  RWIX
  INT53                 0000fffa   00000002  00000002  00000000  RWIX
  INT54                 0000fffc   00000002  00000002  00000000  RWIX
  RESET                 0000fffe   00000002  00000002  00000000  RWIX
  FRAM2                 00010000   00004000  00004000  00000000  RWIX


SECTION ALLOCATION MAP

 output                                  attributes/
section   page    origin      length       input sections
--------  ----  ----------  ----------   ----------------
.data      0    00001c00    00000194     UNINITIALIZED
                  00001c00    000000c8     rts430x_lc_rd_eabi.lib : defs.obj (.data:_ftable)
                  00001cc8    00000078                            : lowlev.obj (.data:_device)
                  00001d40    0000003c                            : lowlev.obj (.data:_stream)
                  00001d7c    00000004                            : exit_gvars.obj (.data:__TI_cleanup_ptr)
                  00001d80    00000004                            : exit_gvars.obj (.data:__TI_dtors_ptr)
                  00001d84    00000004                            : _lock.obj (.data:_lock)
                  00001d88    00000004                            : _lock.obj (.data:_unlock)
                  00001d8c    00000002                            : defs.obj (.data)
                  00001d8e    00000002                            : errno.obj (.data)
                  00001d90    00000002                            : exit.obj (.data)
                  00001d92    00000002                            : memory.obj (.data)

.bss       0    00001d94    0000011b     UNINITIALIZED
                  00001d94    000000a0     (.common:__TI_tmpnams)
                  00001e34    00000032     (.common:outbuffer)
                  00001e66    0000000a     rts430x_lc_rd_eabi.lib : memory.obj (.bss)
                  00001e70    00000008                            : trgdrv.obj (.bss:parmbuf)
                  00001e78    00000008     (.common:Capacitor)
                  00001e80    00000008     (.common:Vl2020)
                  00001e88    00000008     (.common:Vout)
                  00001e90    00000004     (.common:ADC_ResultA10)
                  00001e94    00000004     (.common:ADC_ResultA11)
                  00001e98    00000004     (.common:ADC_ResultA7)
                  00001e9c    00000004     (.common:Result)
                  00001ea0    00000002     (.common:count)
                  00001ea2    00000002     (.common:count1)
                  00001ea4    00000002     (.common:counter)
                  00001ea6    00000002     (.common:counter1)
                  00001ea8    00000001     (.common:Button1_Pressed)
                  00001ea9    00000001     (.common:Button4_Pressed)
                  00001eaa    00000001     (.common:Charge_Bat_Num)
                  00001eab    00000001     (.common:Discharge_Bat_Num)
                  00001eac    00000001     (.common:length)
                  00001ead    00000001     (.common:logic)
                  00001eae    00000001     (.common:test)

.stack     0    00002180    00000280     UNINITIALIZED
                  00002180    00000004     rts430x_lc_rd_eabi.lib : boot.obj (.stack)
                  00002184    0000027c     --HOLE--

.TI.persistent 
*          0    00004400    00000000     UNINITIALIZED

.cio       0    00004400    00000120     UNINITIALIZED
                  00004400    00000120     rts430x_lc_rd_eabi.lib : trgmsg.obj (.cio)

.binit     0    00004400    00000000     

.sysmem    0    00004520    00000400     UNINITIALIZED
                  00004520    00000006     rts430x_lc_rd_eabi.lib : memory.obj (.sysmem)
                  00004526    000003fa     --HOLE--

.ipestruct 
*          0    00004c00    00000000     UNINITIALIZED

.ipe       0    00004c00    00000000     UNINITIALIZED

.ipe_const 
*          0    00004c00    00000000     UNINITIALIZED

.ipe:_isr 
*          0    00004c00    00000000     UNINITIALIZED

.ipe_vars 
*          0    00004c00    00000000     UNINITIALIZED

.cinit     0    00005f34    00000078     
                  00005f34    00000055     (.cinit..data.load) [load image, compression = lzss]
                  00005f89    00000001     --HOLE-- [fill = 0]
                  00005f8a    0000000c     (__TI_handler_table)
                  00005f96    00000006     (.cinit..bss.load) [load image, compression = zero_init]
                  00005f9c    00000010     (__TI_cinit_table)

.init_array 
*          0    00004400    00000000     UNINITIALIZED

.text:_isr 
*          0    00004c00    000004c2     
                  00004c00    000001be     main.obj (.text:_isr:Port_1)
                  00004dbe    00000164     main.obj (.text:_isr:Port_4)
                  00004f22    000000da     main.obj (.text:_isr:USCI_A1_ISR)
                  00004ffc    00000088     main.obj (.text:_isr:Timer1_A0_ISR)
                  00005084    00000020     rts430x_lc_rd_eabi.lib : boot_special.obj (.text:_isr:_c_int00_noargs_mpu)
                  000050a4    00000016     main.obj (.text:_isr:Timer0_A0_ISR)
                  000050ba    00000008     rts430x_lc_rd_eabi.lib : isr_trap.obj (.text:_isr:__TI_ISR_TRAP)

.text.1    0    000050c2    00000b86     
                  000050c2    00000066     rts430x_lc_rd_eabi.lib : fixdli.obj (.text:__mspabi_fixdli)
                  00005128    00000066                            : cpy_tbl.obj (.text:copy_in)
                  0000518e    00000064                            : fflush.obj (.text:__TI_doflush)
                  000051f2    00000062                            : atoi.obj (.text:atoi)
                  00005254    0000005a                            : lowlev.obj (.text:close)
                  000052ae    0000005a                            : lowlev.obj (.text:getdevice)
                  00005308    00000058                            : div32u.obj (.text)
                  00005360    00000054     functions.obj (.text:Init_ADC)
                  000053b4    0000004e     rts430x_lc_rd_eabi.lib : trgdrv.obj (.text:HOSTclose)
                  00005402    0000004e     functions.obj (.text:Vout_Recovered)
                  00005450    0000004e     rts430x_lc_rd_eabi.lib : _printfi.obj (.text:_fcpy)
                  0000549e    0000004a                            : exit.obj (.text:exit)
                  000054e8    0000004a                            : printf.obj (.text:printf)
                  00005532    00000046                            : trgdrv.obj (.text:HOSTunlink)
                  00005578    00000044                            : sprintf.obj (.text:sprintf)
                  000055bc    00000040                            : div32s.obj (.text)
                  000055fc    0000003e                            : asr32.obj (.text:l_asr_const)
                  0000563a    0000003e                            : lsl32.obj (.text:l_lsl_const)
                  00005678    0000003e                            : lsr32.obj (.text:l_lsr_const)
                  000056b6    0000003e                            : lowlev.obj (.text:lseek)
                  000056f4    0000003c                            : lowlev.obj (.text:write)
                  00005730    0000003a                            : lsl64.obj (.text:__mspabi_sllll)
                  0000576a    0000003a                            : lsr64.obj (.text:__mspabi_srlll)
                  000057a4    00000036                            : fopen.obj (.text:__TI_cleanup)
                  000057da    00000036                            : trgmsg.obj (.text:__TI_writemsg)
                  00005810    00000034     functions.obj (.text:Vout_Dropped)
                  00005844    00000032     rts430x_lc_rd_eabi.lib : trgmsg.obj (.text:__TI_readmsg)
                  00005876    00000032                            : subd.obj (.text:__mspabi_subd)
                  000058a8    00000032                            : strncpy.obj (.text:strncpy)
                  000058da    00000030                            : lowlev.obj (.text:unlink)
                  0000590a    0000002e     functions.obj (.text:Init_UART)
                  00005938    0000002e     rts430x_lc_rd_eabi.lib : negd.obj (.text:__mspabi_negd)
                  00005966    0000002e                            : s_copysign.obj (.text:copysign)
                  00005994    0000002e                            : lowlev.obj (.text:finddevice)
                  000059c2    0000002c     MSPMPU_INIT_LIB_CCS_msp430_large_code_restricted_data.lib : mpu_init.o (.text:__mpu_init)
                  000059ee    00000028     rts430x_lc_rd_eabi.lib : fixdi.obj (.text:__mspabi_fixdi)
                  00005a16    00000024                            : copy_zero_init.obj (.text:decompress:ZI:__TI_zero_init)
                  00005a3a    00000024                            : mult32_f5hw.obj (.text)
                  00005a5e    00000020                            : sprintf.obj (.text:_outs)
                  00005a7e    0000001e                            : memccpy.obj (.text:memccpy)
                  00005a9c    0000001c                            : strchr.obj (.text:strchr)
                  00005ab8    0000001c                            : strcmp.obj (.text:strcmp)
                  00005ad4    0000001a     functions.obj (.text:Init_Clock)
                  00005aee    0000001a     functions.obj (.text:uartSend)
                  00005b08    00000018     rts430x_lc_rd_eabi.lib : mult16_f5hw.obj (.text)
                  00005b20    00000016                            : memchr.obj (.text:memchr)
                  00005b36    00000016                            : memset.obj (.text:memset)
                  00005b4c    00000016                            : div16u.obj (.text)
                  00005b62    00000014                            : sprintf.obj (.text:_outc)
                  00005b76    00000014                            : memcpy.obj (.text:memcpy)
                  00005b8a    00000012                            : copy_decompress_none.obj (.text:decompress:none:__TI_decompress_none)
                  00005b9c    00000012                            : strcpy.obj (.text:strcpy)
                  00005bae    00000012                            : toupper.obj (.text:toupper)
                  00005bc0    00000010                            : asr32.obj (.text:l_asr)
                  00005bd0    00000010                            : lsl32.obj (.text:l_lsl)
                  00005be0    00000010                            : lsr32.obj (.text:l_lsr)
                  00005bf0    0000000e     functions.obj (.text:Init_Timer0)
                  00005bfe    0000000e     functions.obj (.text:Init_Timer1)
                  00005c0c    0000000e     rts430x_lc_rd_eabi.lib : strlen.obj (.text:strlen)
                  00005c1a    0000000c                            : fltid.obj (.text:__mspabi_fltid)
                  00005c26    0000000a                            : abs.obj (.text:abs)
                  00005c30    00000006                            : printf.obj (.text:_outc)
                  00005c36    00000006                            : exit.obj (.text:abort)
                  00005c3c    00000004                            : printf.obj (.text:_outs)
                  00005c40    00000004                            : pre_init.obj (.text:_system_pre_init)
                  00005c44    00000002                            : _lock.obj (.text:_nop)
                  00005c46    00000002                            : startup.obj (.text:_system_post_cinit)

.const     0    00005c48    000002ec     
                  00005c48    00000140     main.obj (.const:.string)
                  00005d88    00000101     rts430x_lc_rd_eabi.lib : ctype.obj (.const:.string:_ctypes_)
                  00005e89    00000001     --HOLE-- [fill = 0]
                  00005e8a    00000084     functions.obj (.const:.string)
                  00005f0e    00000026     rts430x_lc_rd_eabi.lib : _printfi.obj (.const:.string)

$fill000   0    0000ff80    00000004     
                  0000ff80    00000004     --HOLE-- [fill = ffff]

$fill001   0    0000ff84    00000004     
                  0000ff84    00000004     --HOLE-- [fill = ffff]

$fill002   0    0000ff88    00000008     
                  0000ff88    00000008     --HOLE-- [fill = ffff]

AES256     0    0000ffcc    00000002     
                  0000ffcc    00000002     rts430x_lc_rd_eabi.lib : int30.obj (.int30)

RTC        0    0000ffce    00000002     
                  0000ffce    00000002     rts430x_lc_rd_eabi.lib : int31.obj (.int31)

PORT4      0    0000ffd0    00000002     
                  0000ffd0    00000002     main.obj (.int32)

PORT3      0    0000ffd2    00000002     
                  0000ffd2    00000002     rts430x_lc_rd_eabi.lib : int33.obj (.int33)

TIMER3_A1 
*          0    0000ffd4    00000002     
                  0000ffd4    00000002     rts430x_lc_rd_eabi.lib : int34.obj (.int34)

TIMER3_A0 
*          0    0000ffd6    00000002     
                  0000ffd6    00000002     rts430x_lc_rd_eabi.lib : int35.obj (.int35)

PORT2      0    0000ffd8    00000002     
                  0000ffd8    00000002     rts430x_lc_rd_eabi.lib : int36.obj (.int36)

TIMER2_A1 
*          0    0000ffda    00000002     
                  0000ffda    00000002     rts430x_lc_rd_eabi.lib : int37.obj (.int37)

TIMER2_A0 
*          0    0000ffdc    00000002     
                  0000ffdc    00000002     rts430x_lc_rd_eabi.lib : int38.obj (.int38)

PORT1      0    0000ffde    00000002     
                  0000ffde    00000002     main.obj (.int39)

TIMER1_A1 
*          0    0000ffe0    00000002     
                  0000ffe0    00000002     rts430x_lc_rd_eabi.lib : int40.obj (.int40)

TIMER1_A0 
*          0    0000ffe2    00000002     
                  0000ffe2    00000002     main.obj (.int41)

DMA        0    0000ffe4    00000002     
                  0000ffe4    00000002     rts430x_lc_rd_eabi.lib : int42.obj (.int42)

USCI_A1    0    0000ffe6    00000002     
                  0000ffe6    00000002     main.obj (.int43)

TIMER0_A1 
*          0    0000ffe8    00000002     
                  0000ffe8    00000002     rts430x_lc_rd_eabi.lib : int44.obj (.int44)

TIMER0_A0 
*          0    0000ffea    00000002     
                  0000ffea    00000002     main.obj (.int45)

ADC12      0    0000ffec    00000002     
                  0000ffec    00000002     rts430x_lc_rd_eabi.lib : int46.obj (.int46)

USCI_B0    0    0000ffee    00000002     
                  0000ffee    00000002     rts430x_lc_rd_eabi.lib : int47.obj (.int47)

USCI_A0    0    0000fff0    00000002     
                  0000fff0    00000002     rts430x_lc_rd_eabi.lib : int48.obj (.int48)

WDT        0    0000fff2    00000002     
                  0000fff2    00000002     rts430x_lc_rd_eabi.lib : int49.obj (.int49)

TIMER0_B1 
*          0    0000fff4    00000002     
                  0000fff4    00000002     rts430x_lc_rd_eabi.lib : int50.obj (.int50)

TIMER0_B0 
*          0    0000fff6    00000002     
                  0000fff6    00000002     rts430x_lc_rd_eabi.lib : int51.obj (.int51)

COMP_E     0    0000fff8    00000002     
                  0000fff8    00000002     rts430x_lc_rd_eabi.lib : int52.obj (.int52)

UNMI       0    0000fffa    00000002     
                  0000fffa    00000002     rts430x_lc_rd_eabi.lib : int53.obj (.int53)

SYSNMI     0    0000fffc    00000002     
                  0000fffc    00000002     rts430x_lc_rd_eabi.lib : int54.obj (.int54)

.reset     0    0000fffe    00000002     
                  0000fffe    00000002     rts430x_lc_rd_eabi.lib : boot.obj (.reset)

.text.2    0    00010000    00004000     
                  00010000    00000478     rts430x_lc_rd_eabi.lib : frcdivd.obj (.text:__TI_frcdivd)
                  00010478    0000034e                            : div64u.obj (.text:__mspabi_divull)
                  000107c6    000002d8                            : addd.obj (.text:__mspabi_addd)
                  00010a9e    00000286                            : frcmpyd.obj (.text:__TI_frcmpyd)
                  00010d24    00000282                            : mpyd.obj (.text:__mspabi_mpyd)
                  00010fa6    00000260                            : _printfi.obj (.text:_pproc_fgea)
                  00011206    0000025e                            : _printfi.obj (.text:_setfield)
                  00011464    00000258     functions.obj (.text:Circuit_Logic)
                  000116bc    00000252     rts430x_lc_rd_eabi.lib : frcaddd.obj (.text:__TI_frcaddd)
                  0001190e    0000023c                            : _printfi.obj (.text:__TI_printfi)
                  00011b4a    00000224                            : _printfi.obj (.text:acvt)
                  00011d6e    00000222                            : divd.obj (.text:__mspabi_divd)
                  00011f90    00000210                            : _printfi.obj (.text:ecvt)
                  000121a0    000001fe                            : _printfi.obj (.text:fcvt)
                  0001239e    000001a4                            : _printfi.obj (.text:_pconv_e)
                  00012542    000001a0                            : s_scalbn.obj (.text:scalbn)
                  000126e2    00000188                            : _printfi.obj (.text:_getarg_diouxp)
                  0001286a    00000182     functions.obj (.text:Init_Battery)
                  000129ec    00000170     rts430x_lc_rd_eabi.lib : _printfi.obj (.text:_pconv_a)
                  00012b5c    00000148                            : _printfi.obj (.text:_pproc_diouxp)
                  00012ca4    0000012a                            : _printfi.obj (.text:_ltostr)
                  00012dce    000000fc                            : _printfi.obj (.text:_pconv_g)
                  00012eca    000000fa                            : _printfi.obj (.text:_pproc_fwp)
                  00012fc4    000000f0                            : fputs.obj (.text:fputs)
                  000130b4    000000ea     functions.obj (.text:Switch)
                  0001319e    000000e0     rts430x_lc_rd_eabi.lib : setvbuf.obj (.text:setvbuf)
                  0001327e    000000d8                            : cmpd.obj (.text:__mspabi_cmpd)
                  00013356    000000bc                            : memory.obj (.text:malloc)
                  00013412    000000b4                            : trgdrv.obj (.text:HOSTlseek)
                  000134c6    000000b2                            : renormd.obj (.text:__TI_renormd)
                  00013578    000000b2                            : s_frexp.obj (.text:frexp)
                  0001362a    000000a6                            : _printfi.obj (.text:_pproc_str)
                  000136d0    0000009e                            : fltlid.obj (.text:__mspabi_fltlid)
                  0001376e    00000090                            : _printfi.obj (.text:_ecpy)
                  000137fe    00000090                            : _printfi.obj (.text:_mcpy)
                  0001388e    00000090                            : fputc.obj (.text:fputc)
                  0001391e    0000008e                            : memory.obj (.text:free)
                  000139ac    0000008c     main.obj (.text:main)
                  00013a38    00000082     rts430x_lc_rd_eabi.lib : autoinit_wdt.obj (.text:_auto_init_hold_wdt)
                  00013aba    00000080                            : ltoa.obj (.text:ltoa)
                  00013b3a    0000007e     functions.obj (.text:Init_Gpio)
                  00013bb8    0000007e     rts430x_lc_rd_eabi.lib : _io_perm.obj (.text:__TI_wrt_ok)
                  00013c36    00000078                            : _printfi.obj (.text:_pconv_f)
                  00013cae    00000078                            : copy_decompress_lzss.obj (.text:decompress:lzss:__TI_decompress_lzss)
                  00013d26    00000074                            : trgdrv.obj (.text:HOSTrename)
                  00013d9a    00000074                            : fclose.obj (.text:__TI_closefile)
                  00013e0e    00000070                            : trgdrv.obj (.text:HOSTopen)
                  00013e7e    0000006c                            : trgdrv.obj (.text:HOSTwrite)
                  00013eea    0000006a                            : trgdrv.obj (.text:HOSTread)
                  00013f54    0000006a                            : fseek.obj (.text:fseek)
                  00013fbe    00000042                            : memory.obj (.text:minit)

MODULE SUMMARY

       Module                     code    ro data   rw data
       ------                     ----    -------   -------
    .\
       functions.obj              1686    132       105    
       main.obj                   1318    330       0      
    +--+--------------------------+-------+---------+---------+
       Total:                     3004    462       105    
                                                           
    C:\ti\ccsv7\ccs_base\msp430\lib\FR59xx\MSPMPU_INIT_LIB_CCS_msp430_large_code_restricted_data.lib
       mpu_init.o                 44      0         0      
    +--+--------------------------+-------+---------+---------+
       Total:                     44      0         0      
                                                           
    C:\ti\ccsv7\tools\compiler\ti-cgt-msp430_16.9.3.LTS\lib\rts430x_lc_rd_eabi.lib
       _printfi.obj               6332    38        0      
       frcdivd.obj                1144    0         0      
       div64u.obj                 846     0         0      
       trgdrv.obj                 770     0         8      
       addd.obj                   728     0         0      
       frcmpyd.obj                646     0         0      
       mpyd.obj                   642     0         0      
       frcaddd.obj                594     0         0      
       lowlev.obj                 396     0         180    
       divd.obj                   546     0         0      
       s_scalbn.obj               416     0         0      
       memory.obj                 396     0         12     
       trgmsg.obj                 104     0         288    
       defs.obj                   0       0         362    
       ctype.obj                  0       257       0      
       fputs.obj                  240     0         0      
       setvbuf.obj                224     0         0      
       cmpd.obj                   216     0         0      
       renormd.obj                178     0         0      
       s_frexp.obj                178     0         0      
       fltlid.obj                 158     0         0      
       fputc.obj                  144     0         0      
       autoinit_wdt.obj           130     0         0      
       ltoa.obj                   128     0         0      
       _io_perm.obj               126     0         0      
       copy_decompress_lzss.obj   120     0         0      
       sprintf.obj                120     0         0      
       fclose.obj                 116     0         0      
       fseek.obj                  106     0         0      
       cpy_tbl.obj                102     0         0      
       fixdli.obj                 102     0         0      
       fflush.obj                 100     0         0      
       atoi.obj                   98      0         0      
       div32u.obj                 88      0         0      
       printf.obj                 84      0         0      
       exit.obj                   80      0         2      
       asr32.obj                  78      0         0      
       lsl32.obj                  78      0         0      
       lsr32.obj                  78      0         0      
       div32s.obj                 64      0         0      
       lsl64.obj                  58      0         0      
       lsr64.obj                  58      0         0      
       fopen.obj                  54      0         0      
       strncpy.obj                50      0         0      
       subd.obj                   50      0         0      
       negd.obj                   46      0         0      
       s_copysign.obj             46      0         0      
       fixdi.obj                  40      0         0      
       copy_zero_init.obj         36      0         0      
       mult32_f5hw.obj            36      0         0      
       boot_special.obj           32      0         0      
       memccpy.obj                30      0         0      
       strchr.obj                 28      0         0      
       strcmp.obj                 28      0         0      
       mult16_f5hw.obj            24      0         0      
       div16u.obj                 22      0         0      
       memchr.obj                 22      0         0      
       memset.obj                 22      0         0      
       memcpy.obj                 20      0         0      
       copy_decompress_none.obj   18      0         0      
       strcpy.obj                 18      0         0      
       toupper.obj                18      0         0      
       strlen.obj                 14      0         0      
       fltid.obj                  12      0         0      
       _lock.obj                  2       0         8      
       abs.obj                    10      0         0      
       exit_gvars.obj             0       0         8      
       isr_trap.obj               8       0         0      
       pre_init.obj               4       0         0      
       boot.obj                   0       2         0      
       errno.obj                  0       0         2      
       int30.obj                  0       2         0      
       int31.obj                  0       2         0      
       int33.obj                  0       2         0      
       int34.obj                  0       2         0      
       int35.obj                  0       2         0      
       int36.obj                  0       2         0      
       int37.obj                  0       2         0      
       int38.obj                  0       2         0      
       int40.obj                  0       2         0      
       int42.obj                  0       2         0      
       int44.obj                  0       2         0      
       int46.obj                  0       2         0      
       int47.obj                  0       2         0      
       int48.obj                  0       2         0      
       int49.obj                  0       2         0      
       int50.obj                  0       2         0      
       int51.obj                  0       2         0      
       int52.obj                  0       2         0      
       int53.obj                  0       2         0      
       int54.obj                  0       2         0      
       startup.obj                2       0         0      
    +--+--------------------------+-------+---------+---------+
       Total:                     17504   337       870    
                                                           
       Heap:                      0       0         1024   
       Stack:                     0       0         640    
       Linker Generated:          0       119       0      
    +--+--------------------------+-------+---------+---------+
       Grand Total:               20552   918       2639   


LINKER GENERATED COPY TABLES

__TI_cinit_table @ 00005f9c records: 2, size/record: 8, table size: 16
	.data: load addr=00005f34, load size=00000055 bytes, run addr=00001c00, run size=00000194 bytes, compression=lzss
	.bss: load addr=00005f96, load size=00000006 bytes, run addr=00001d94, run size=0000011b bytes, compression=zero_init


LINKER GENERATED HANDLER TABLE

__TI_handler_table @ 00005f8a records: 3, size/record: 4, table size: 12
	index: 0, handler: __TI_zero_init
	index: 1, handler: __TI_decompress_lzss
	index: 2, handler: __TI_decompress_none


GLOBAL SYMBOLS: SORTED ALPHABETICALLY BY Name 

address   name                           
-------   ----                           
00000800  ADC12CTL0                      
00000801  ADC12CTL0_H                    
00000800  ADC12CTL0_L                    
00000802  ADC12CTL1                      
00000803  ADC12CTL1_H                    
00000802  ADC12CTL1_L                    
00000804  ADC12CTL2                      
00000805  ADC12CTL2_H                    
00000804  ADC12CTL2_L                    
00000806  ADC12CTL3                      
00000807  ADC12CTL3_H                    
00000806  ADC12CTL3_L                    
0000080a  ADC12HI                        
0000080b  ADC12HI_H                      
0000080a  ADC12HI_L                      
00000812  ADC12IER0                      
00000813  ADC12IER0_H                    
00000812  ADC12IER0_L                    
00000814  ADC12IER1                      
00000815  ADC12IER1_H                    
00000814  ADC12IER1_L                    
00000816  ADC12IER2                      
00000817  ADC12IER2_H                    
00000816  ADC12IER2_L                    
0000080c  ADC12IFGR0                     
0000080d  ADC12IFGR0_H                   
0000080c  ADC12IFGR0_L                   
0000080e  ADC12IFGR1                     
0000080f  ADC12IFGR1_H                   
0000080e  ADC12IFGR1_L                   
00000810  ADC12IFGR2                     
00000811  ADC12IFGR2_H                   
00000810  ADC12IFGR2_L                   
00000818  ADC12IV                        
00000819  ADC12IV_H                      
00000818  ADC12IV_L                      
00000808  ADC12LO                        
00000809  ADC12LO_H                      
00000808  ADC12LO_L                      
00000820  ADC12MCTL0                     
00000821  ADC12MCTL0_H                   
00000820  ADC12MCTL0_L                   
00000822  ADC12MCTL1                     
00000834  ADC12MCTL10                    
00000835  ADC12MCTL10_H                  
00000834  ADC12MCTL10_L                  
00000836  ADC12MCTL11                    
00000837  ADC12MCTL11_H                  
00000836  ADC12MCTL11_L                  
00000838  ADC12MCTL12                    
00000839  ADC12MCTL12_H                  
00000838  ADC12MCTL12_L                  
0000083a  ADC12MCTL13                    
0000083b  ADC12MCTL13_H                  
0000083a  ADC12MCTL13_L                  
0000083c  ADC12MCTL14                    
0000083d  ADC12MCTL14_H                  
0000083c  ADC12MCTL14_L                  
0000083e  ADC12MCTL15                    
0000083f  ADC12MCTL15_H                  
0000083e  ADC12MCTL15_L                  
00000840  ADC12MCTL16                    
00000841  ADC12MCTL16_H                  
00000840  ADC12MCTL16_L                  
00000842  ADC12MCTL17                    
00000843  ADC12MCTL17_H                  
00000842  ADC12MCTL17_L                  
00000844  ADC12MCTL18                    
00000845  ADC12MCTL18_H                  
00000844  ADC12MCTL18_L                  
00000846  ADC12MCTL19                    
00000847  ADC12MCTL19_H                  
00000846  ADC12MCTL19_L                  
00000823  ADC12MCTL1_H                   
00000822  ADC12MCTL1_L                   
00000824  ADC12MCTL2                     
00000848  ADC12MCTL20                    
00000849  ADC12MCTL20_H                  
00000848  ADC12MCTL20_L                  
0000084a  ADC12MCTL21                    
0000084b  ADC12MCTL21_H                  
0000084a  ADC12MCTL21_L                  
0000084c  ADC12MCTL22                    
0000084d  ADC12MCTL22_H                  
0000084c  ADC12MCTL22_L                  
0000084e  ADC12MCTL23                    
0000084f  ADC12MCTL23_H                  
0000084e  ADC12MCTL23_L                  
00000850  ADC12MCTL24                    
00000851  ADC12MCTL24_H                  
00000850  ADC12MCTL24_L                  
00000852  ADC12MCTL25                    
00000853  ADC12MCTL25_H                  
00000852  ADC12MCTL25_L                  
00000854  ADC12MCTL26                    
00000855  ADC12MCTL26_H                  
00000854  ADC12MCTL26_L                  
00000856  ADC12MCTL27                    
00000857  ADC12MCTL27_H                  
00000856  ADC12MCTL27_L                  
00000858  ADC12MCTL28                    
00000859  ADC12MCTL28_H                  
00000858  ADC12MCTL28_L                  
0000085a  ADC12MCTL29                    
0000085b  ADC12MCTL29_H                  
0000085a  ADC12MCTL29_L                  
00000825  ADC12MCTL2_H                   
00000824  ADC12MCTL2_L                   
00000826  ADC12MCTL3                     
0000085c  ADC12MCTL30                    
0000085d  ADC12MCTL30_H                  
0000085c  ADC12MCTL30_L                  
0000085e  ADC12MCTL31                    
0000085f  ADC12MCTL31_H                  
0000085e  ADC12MCTL31_L                  
00000827  ADC12MCTL3_H                   
00000826  ADC12MCTL3_L                   
00000828  ADC12MCTL4                     
00000829  ADC12MCTL4_H                   
00000828  ADC12MCTL4_L                   
0000082a  ADC12MCTL5                     
0000082b  ADC12MCTL5_H                   
0000082a  ADC12MCTL5_L                   
0000082c  ADC12MCTL6                     
0000082d  ADC12MCTL6_H                   
0000082c  ADC12MCTL6_L                   
0000082e  ADC12MCTL7                     
0000082f  ADC12MCTL7_H                   
0000082e  ADC12MCTL7_L                   
00000830  ADC12MCTL8                     
00000831  ADC12MCTL8_H                   
00000830  ADC12MCTL8_L                   
00000832  ADC12MCTL9                     
00000833  ADC12MCTL9_H                   
00000832  ADC12MCTL9_L                   
00000860  ADC12MEM0                      
00000861  ADC12MEM0_H                    
00000860  ADC12MEM0_L                    
00000862  ADC12MEM1                      
00000874  ADC12MEM10                     
00000875  ADC12MEM10_H                   
00000874  ADC12MEM10_L                   
00000876  ADC12MEM11                     
00000877  ADC12MEM11_H                   
00000876  ADC12MEM11_L                   
00000878  ADC12MEM12                     
00000879  ADC12MEM12_H                   
00000878  ADC12MEM12_L                   
0000087a  ADC12MEM13                     
0000087b  ADC12MEM13_H                   
0000087a  ADC12MEM13_L                   
0000087c  ADC12MEM14                     
0000087d  ADC12MEM14_H                   
0000087c  ADC12MEM14_L                   
0000087e  ADC12MEM15                     
0000087f  ADC12MEM15_H                   
0000087e  ADC12MEM15_L                   
00000880  ADC12MEM16                     
00000881  ADC12MEM16_H                   
00000880  ADC12MEM16_L                   
00000882  ADC12MEM17                     
00000883  ADC12MEM17_H                   
00000882  ADC12MEM17_L                   
00000884  ADC12MEM18                     
00000885  ADC12MEM18_H                   
00000884  ADC12MEM18_L                   
00000886  ADC12MEM19                     
00000887  ADC12MEM19_H                   
00000886  ADC12MEM19_L                   
00000863  ADC12MEM1_H                    
00000862  ADC12MEM1_L                    
00000864  ADC12MEM2                      
00000888  ADC12MEM20                     
00000889  ADC12MEM20_H                   
00000888  ADC12MEM20_L                   
0000088a  ADC12MEM21                     
0000088b  ADC12MEM21_H                   
0000088a  ADC12MEM21_L                   
0000088c  ADC12MEM22                     
0000088d  ADC12MEM22_H                   
0000088c  ADC12MEM22_L                   
0000088e  ADC12MEM23                     
0000088f  ADC12MEM23_H                   
0000088e  ADC12MEM23_L                   
00000890  ADC12MEM24                     
00000891  ADC12MEM24_H                   
00000890  ADC12MEM24_L                   
00000892  ADC12MEM25                     
00000893  ADC12MEM25_H                   
00000892  ADC12MEM25_L                   
00000894  ADC12MEM26                     
00000895  ADC12MEM26_H                   
00000894  ADC12MEM26_L                   
00000896  ADC12MEM27                     
00000897  ADC12MEM27_H                   
00000896  ADC12MEM27_L                   
00000898  ADC12MEM28                     
00000899  ADC12MEM28_H                   
00000898  ADC12MEM28_L                   
0000089a  ADC12MEM29                     
0000089b  ADC12MEM29_H                   
0000089a  ADC12MEM29_L                   
00000865  ADC12MEM2_H                    
00000864  ADC12MEM2_L                    
00000866  ADC12MEM3                      
0000089c  ADC12MEM30                     
0000089d  ADC12MEM30_H                   
0000089c  ADC12MEM30_L                   
0000089e  ADC12MEM31                     
0000089f  ADC12MEM31_H                   
0000089e  ADC12MEM31_L                   
00000867  ADC12MEM3_H                    
00000866  ADC12MEM3_L                    
00000868  ADC12MEM4                      
00000869  ADC12MEM4_H                    
00000868  ADC12MEM4_L                    
0000086a  ADC12MEM5                      
0000086b  ADC12MEM5_H                    
0000086a  ADC12MEM5_L                    
0000086c  ADC12MEM6                      
0000086d  ADC12MEM6_H                    
0000086c  ADC12MEM6_L                    
0000086e  ADC12MEM7                      
0000086f  ADC12MEM7_H                    
0000086e  ADC12MEM7_L                    
00000870  ADC12MEM8                      
00000871  ADC12MEM8_H                    
00000870  ADC12MEM8_L                    
00000872  ADC12MEM9                      
00000873  ADC12MEM9_H                    
00000872  ADC12MEM9_L                    
00001e90  ADC_ResultA10                  
00001e94  ADC_ResultA11                  
00001e98  ADC_ResultA7                   
000009c0  AESACTL0                       
000009c1  AESACTL0_H                     
000009c0  AESACTL0_L                     
000009c2  AESACTL1                       
000009c3  AESACTL1_H                     
000009c2  AESACTL1_L                     
000009c8  AESADIN                        
000009c9  AESADIN_H                      
000009c8  AESADIN_L                      
000009ca  AESADOUT                       
000009cb  AESADOUT_H                     
000009ca  AESADOUT_L                     
000009c6  AESAKEY                        
000009c7  AESAKEY_H                      
000009c6  AESAKEY_L                      
000009c4  AESASTAT                       
000009c5  AESASTAT_H                     
000009c4  AESASTAT_L                     
000009cc  AESAXDIN                       
000009cd  AESAXDIN_H                     
000009cc  AESAXDIN_L                     
000009ce  AESAXIN                        
000009cf  AESAXIN_H                      
000009ce  AESAXIN_L                      
000004be  BCD2BIN                        
000004bc  BIN2BCD                        
00001ea8  Button1_Pressed                
00001ea9  Button4_Pressed                
00005c36  C$$EXIT                        
0000580c  C$$IO$$                        
0000043e  CAPTIO0CTL                     
0000043f  CAPTIO0CTL_H                   
0000043e  CAPTIO0CTL_L                   
0000047e  CAPTIO1CTL                     
0000047f  CAPTIO1CTL_H                   
0000047e  CAPTIO1CTL_L                   
000008c0  CECTL0                         
000008c1  CECTL0_H                       
000008c0  CECTL0_L                       
000008c2  CECTL1                         
000008c3  CECTL1_H                       
000008c2  CECTL1_L                       
000008c4  CECTL2                         
000008c5  CECTL2_H                       
000008c4  CECTL2_L                       
000008c6  CECTL3                         
000008c7  CECTL3_H                       
000008c6  CECTL3_L                       
000008cc  CEINT                          
000008cd  CEINT_H                        
000008cc  CEINT_L                        
000008ce  CEIV                           
000008cf  CEIV_H                         
000008ce  CEIV_L                         
00000150  CRCDI                          
00000152  CRCDIRB                        
00000153  CRCDIRB_H                      
00000152  CRCDIRB_L                      
00000151  CRCDI_H                        
00000150  CRCDI_L                        
00000154  CRCINIRES                      
00000155  CRCINIRES_H                    
00000154  CRCINIRES_L                    
00000156  CRCRESR                        
00000157  CRCRESR_H                      
00000156  CRCRESR_L                      
00000160  CSCTL0                         
00000161  CSCTL0_H                       
00000160  CSCTL0_L                       
00000162  CSCTL1                         
00000163  CSCTL1_H                       
00000162  CSCTL1_L                       
00000164  CSCTL2                         
00000165  CSCTL2_H                       
00000164  CSCTL2_L                       
00000166  CSCTL3                         
00000167  CSCTL3_H                       
00000166  CSCTL3_L                       
00000168  CSCTL4                         
00000169  CSCTL4_H                       
00000168  CSCTL4_L                       
0000016a  CSCTL5                         
0000016b  CSCTL5_H                       
0000016a  CSCTL5_L                       
0000016c  CSCTL6                         
0000016d  CSCTL6_H                       
0000016c  CSCTL6_L                       
00001e78  Capacitor                      
00001eaa  Charge_Bat_Num                 
00011464  Circuit_Logic                  
00000510  DMA0CTL                        
00000511  DMA0CTL_H                      
00000510  DMA0CTL_L                      
00000516  DMA0DA                         
00000518  DMA0DAH                        
00000516  DMA0DAL                        
00000512  DMA0SA                         
00000514  DMA0SAH                        
00000512  DMA0SAL                        
0000051a  DMA0SZ                         
00000520  DMA1CTL                        
00000521  DMA1CTL_H                      
00000520  DMA1CTL_L                      
00000526  DMA1DA                         
00000528  DMA1DAH                        
00000526  DMA1DAL                        
00000522  DMA1SA                         
00000524  DMA1SAH                        
00000522  DMA1SAL                        
0000052a  DMA1SZ                         
00000530  DMA2CTL                        
00000531  DMA2CTL_H                      
00000530  DMA2CTL_L                      
00000536  DMA2DA                         
00000538  DMA2DAH                        
00000536  DMA2DAL                        
00000532  DMA2SA                         
00000534  DMA2SAH                        
00000532  DMA2SAL                        
0000053a  DMA2SZ                         
00000500  DMACTL0                        
00000501  DMACTL0_H                      
00000500  DMACTL0_L                      
00000502  DMACTL1                        
00000503  DMACTL1_H                      
00000502  DMACTL1_L                      
00000504  DMACTL2                        
00000505  DMACTL2_H                      
00000504  DMACTL2_L                      
00000506  DMACTL3                        
00000507  DMACTL3_H                      
00000506  DMACTL3_L                      
00000508  DMACTL4                        
00000509  DMACTL4_H                      
00000508  DMACTL4_L                      
0000050e  DMAIV                          
0000050f  DMAIV_H                        
0000050e  DMAIV_L                        
00001eab  Discharge_Bat_Num              
00000140  FRCTL0                         
00000141  FRCTL0_H                       
00000140  FRCTL0_L                       
00000144  GCCTL0                         
00000145  GCCTL0_H                       
00000144  GCCTL0_L                       
00000146  GCCTL1                         
00000147  GCCTL1_H                       
00000146  GCCTL1_L                       
000053b4  HOSTclose                      
00013412  HOSTlseek                      
00013e0e  HOSTopen                       
00013eea  HOSTread                       
00013d26  HOSTrename                     
00005532  HOSTunlink                     
00013e7e  HOSTwrite                      
00005360  Init_ADC                       
0001286a  Init_Battery                   
00005ad4  Init_Clock                     
00013b3a  Init_Gpio                      
00005bf0  Init_Timer0                    
00005bfe  Init_Timer1                    
0000590a  Init_UART                      
000004c4  MAC                            
000004da  MAC32H                         
000004db  MAC32H_H                       
000004da  MAC32H_L                       
000004d8  MAC32L                         
000004d9  MAC32L_H                       
000004d8  MAC32L_L                       
000004c6  MACS                           
000004de  MACS32H                        
000004df  MACS32H_H                      
000004de  MACS32H_L                      
000004dc  MACS32L                        
000004dd  MACS32L_H                      
000004dc  MACS32L_L                      
000004c7  MACS_H                         
000004c6  MACS_L                         
000004c5  MAC_H                          
000004c4  MAC_L                          
000005a0  MPUCTL0                        
000005a1  MPUCTL0_H                      
000005a0  MPUCTL0_L                      
000005a2  MPUCTL1                        
000005a3  MPUCTL1_H                      
000005a2  MPUCTL1_L                      
000005aa  MPUIPC0                        
000005ab  MPUIPC0_H                      
000005aa  MPUIPC0_L                      
000005ae  MPUIPSEGB1                     
000005af  MPUIPSEGB1_H                   
000005ae  MPUIPSEGB1_L                   
000005ac  MPUIPSEGB2                     
000005ad  MPUIPSEGB2_H                   
000005ac  MPUIPSEGB2_L                   
000005a8  MPUSAM                         
000005a9  MPUSAM_H                       
000005a8  MPUSAM_L                       
000005a6  MPUSEGB1                       
000005a7  MPUSEGB1_H                     
000005a6  MPUSEGB1_L                     
000005a4  MPUSEGB2                       
000005a5  MPUSEGB2_H                     
000005a4  MPUSEGB2_L                     
000004c0  MPY                            
000004ec  MPY32CTL0                      
000004ed  MPY32CTL0_H                    
000004ec  MPY32CTL0_L                    
000004d2  MPY32H                         
000004d3  MPY32H_H                       
000004d2  MPY32H_L                       
000004d0  MPY32L                         
000004d1  MPY32L_H                       
000004d0  MPY32L_L                       
000004c2  MPYS                           
000004d6  MPYS32H                        
000004d7  MPYS32H_H                      
000004d6  MPYS32H_L                      
000004d4  MPYS32L                        
000004d5  MPYS32L_H                      
000004d4  MPYS32L_L                      
000004c3  MPYS_H                         
000004c2  MPYS_L                         
000004c1  MPY_H                          
000004c0  MPY_L                          
000004c8  OP2                            
000004e2  OP2H                           
000004e3  OP2H_H                         
000004e2  OP2H_L                         
000004e0  OP2L                           
000004e1  OP2L_H                         
000004e0  OP2L_L                         
000004c9  OP2_H                          
000004c8  OP2_L                          
0000020e  P1IV                           
0000021e  P2IV                           
0000022e  P3IV                           
0000023e  P4IV                           
00000204  PADIR                          
00000205  PADIR_H                        
00000204  PADIR_L                        
0000021a  PAIE                           
00000218  PAIES                          
00000219  PAIES_H                        
00000218  PAIES_L                        
0000021b  PAIE_H                         
0000021a  PAIE_L                         
0000021c  PAIFG                          
0000021d  PAIFG_H                        
0000021c  PAIFG_L                        
00000200  PAIN                           
00000201  PAIN_H                         
00000200  PAIN_L                         
00000202  PAOUT                          
00000203  PAOUT_H                        
00000202  PAOUT_L                        
00000206  PAREN                          
00000207  PAREN_H                        
00000206  PAREN_L                        
0000020a  PASEL0                         
0000020b  PASEL0_H                       
0000020a  PASEL0_L                       
0000020c  PASEL1                         
0000020d  PASEL1_H                       
0000020c  PASEL1_L                       
00000216  PASELC                         
00000217  PASELC_H                       
00000216  PASELC_L                       
00000224  PBDIR                          
00000225  PBDIR_H                        
00000224  PBDIR_L                        
0000023a  PBIE                           
00000238  PBIES                          
00000239  PBIES_H                        
00000238  PBIES_L                        
0000023b  PBIE_H                         
0000023a  PBIE_L                         
0000023c  PBIFG                          
0000023d  PBIFG_H                        
0000023c  PBIFG_L                        
00000220  PBIN                           
00000221  PBIN_H                         
00000220  PBIN_L                         
00000222  PBOUT                          
00000223  PBOUT_H                        
00000222  PBOUT_L                        
00000226  PBREN                          
00000227  PBREN_H                        
00000226  PBREN_L                        
0000022a  PBSEL0                         
0000022b  PBSEL0_H                       
0000022a  PBSEL0_L                       
0000022c  PBSEL1                         
0000022d  PBSEL1_H                       
0000022c  PBSEL1_L                       
00000236  PBSELC                         
00000237  PBSELC_H                       
00000236  PBSELC_L                       
00000324  PJDIR                          
00000325  PJDIR_H                        
00000324  PJDIR_L                        
00000320  PJIN                           
00000321  PJIN_H                         
00000320  PJIN_L                         
00000322  PJOUT                          
00000323  PJOUT_H                        
00000322  PJOUT_L                        
00000326  PJREN                          
00000327  PJREN_H                        
00000326  PJREN_L                        
0000032a  PJSEL0                         
0000032b  PJSEL0_H                       
0000032a  PJSEL0_L                       
0000032c  PJSEL1                         
0000032d  PJSEL1_H                       
0000032c  PJSEL1_L                       
00000336  PJSELC                         
00000337  PJSELC_H                       
00000336  PJSELC_L                       
00000130  PM5CTL0                        
00000131  PM5CTL0_H                      
00000130  PM5CTL0_L                      
00000120  PMMCTL0                        
00000121  PMMCTL0_H                      
00000120  PMMCTL0_L                      
0000012a  PMMIFG                         
0000012b  PMMIFG_H                       
0000012a  PMMIFG_L                       
00004c00  Port_1                         
00004dbe  Port_4                         
000001b0  REFCTL0                        
000001b1  REFCTL0_H                      
000001b0  REFCTL0_L                      
000004e4  RES0                           
000004e5  RES0_H                         
000004e4  RES0_L                         
000004e6  RES1                           
000004e7  RES1_H                         
000004e6  RES1_L                         
000004e8  RES2                           
000004e9  RES2_H                         
000004e8  RES2_L                         
000004ea  RES3                           
000004eb  RES3_H                         
000004ea  RES3_L                         
000004cc  RESHI                          
000004cd  RESHI_H                        
000004cc  RESHI_L                        
000004ca  RESLO                          
000004cb  RESLO_H                        
000004ca  RESLO_L                        
000004ba  RTCADOWDAY                     
000004bb  RTCADOWDAY_H                   
000004ba  RTCADOWDAY_L                   
000004b8  RTCAMINHR                      
000004b9  RTCAMINHR_H                    
000004b8  RTCAMINHR_L                    
000004a0  RTCCTL01                       
000004a1  RTCCTL01_H                     
000004a0  RTCCTL01_L                     
000004a2  RTCCTL23                       
000004a3  RTCCTL23_H                     
000004a2  RTCCTL23_L                     
000004b4  RTCDATE                        
000004b5  RTCDATE_H                      
000004b4  RTCDATE_L                      
000004ae  RTCIV                          
000004ac  RTCPS                          
000004a8  RTCPS0CTL                      
000004a9  RTCPS0CTL_H                    
000004a8  RTCPS0CTL_L                    
000004aa  RTCPS1CTL                      
000004ab  RTCPS1CTL_H                    
000004aa  RTCPS1CTL_L                    
000004ad  RTCPS_H                        
000004ac  RTCPS_L                        
000004b0  RTCTIM0                        
000004b1  RTCTIM0_H                      
000004b0  RTCTIM0_L                      
000004b2  RTCTIM1                        
000004b3  RTCTIM1_H                      
000004b2  RTCTIM1_L                      
000004b6  RTCYEAR                        
000004b7  RTCYEAR_H                      
000004b6  RTCYEAR_L                      
00001e9c  Result                         
00000100  SFRIE1                         
00000101  SFRIE1_H                       
00000100  SFRIE1_L                       
00000102  SFRIFG1                        
00000103  SFRIFG1_H                      
00000102  SFRIFG1_L                      
00000104  SFRRPCR                        
00000105  SFRRPCR_H                      
00000104  SFRRPCR_L                      
000004ce  SUMEXT                         
000004cf  SUMEXT_H                       
000004ce  SUMEXT_L                       
00000180  SYSCTL                         
00000181  SYSCTL_H                       
00000180  SYSCTL_L                       
00000186  SYSJMBC                        
00000187  SYSJMBC_H                      
00000186  SYSJMBC_L                      
00000188  SYSJMBI0                       
00000189  SYSJMBI0_H                     
00000188  SYSJMBI0_L                     
0000018a  SYSJMBI1                       
0000018b  SYSJMBI1_H                     
0000018a  SYSJMBI1_L                     
0000018c  SYSJMBO0                       
0000018d  SYSJMBO0_H                     
0000018c  SYSJMBO0_L                     
0000018e  SYSJMBO1                       
0000018f  SYSJMBO1_H                     
0000018e  SYSJMBO1_L                     
0000019e  SYSRSTIV                       
0000019f  SYSRSTIV_H                     
0000019e  SYSRSTIV_L                     
0000019c  SYSSNIV                        
0000019d  SYSSNIV_H                      
0000019c  SYSSNIV_L                      
0000019a  SYSUNIV                        
0000019b  SYSUNIV_H                      
0000019a  SYSUNIV_L                      
000130b4  Switch                         
00000352  TA0CCR0                        
00000354  TA0CCR1                        
00000356  TA0CCR2                        
00000342  TA0CCTL0                       
00000344  TA0CCTL1                       
00000346  TA0CCTL2                       
00000340  TA0CTL                         
00000360  TA0EX0                         
0000036e  TA0IV                          
00000350  TA0R                           
00000392  TA1CCR0                        
00000394  TA1CCR1                        
00000396  TA1CCR2                        
00000382  TA1CCTL0                       
00000384  TA1CCTL1                       
00000386  TA1CCTL2                       
00000380  TA1CTL                         
000003a0  TA1EX0                         
000003ae  TA1IV                          
00000390  TA1R                           
00000412  TA2CCR0                        
00000414  TA2CCR1                        
00000402  TA2CCTL0                       
00000404  TA2CCTL1                       
00000400  TA2CTL                         
00000420  TA2EX0                         
0000042e  TA2IV                          
00000410  TA2R                           
00000452  TA3CCR0                        
00000454  TA3CCR1                        
00000442  TA3CCTL0                       
00000444  TA3CCTL1                       
00000440  TA3CTL                         
00000460  TA3EX0                         
0000046e  TA3IV                          
00000450  TA3R                           
000003d2  TB0CCR0                        
000003d4  TB0CCR1                        
000003d6  TB0CCR2                        
000003d8  TB0CCR3                        
000003da  TB0CCR4                        
000003dc  TB0CCR5                        
000003de  TB0CCR6                        
000003c2  TB0CCTL0                       
000003c4  TB0CCTL1                       
000003c6  TB0CCTL2                       
000003c8  TB0CCTL3                       
000003ca  TB0CCTL4                       
000003cc  TB0CCTL5                       
000003ce  TB0CCTL6                       
000003c0  TB0CTL                         
000003e0  TB0EX0                         
000003ee  TB0IV                          
000003d0  TB0R                           
000050a4  Timer0_A0_ISR                  
00004ffc  Timer1_A0_ISR                  
000005d0  UCA0ABCTL                      
000005c6  UCA0BRW                        
000005c7  UCA0BRW_H                      
000005c6  UCA0BRW_L                      
000005c0  UCA0CTLW0                      
000005c1  UCA0CTLW0_H                    
000005c0  UCA0CTLW0_L                    
000005c2  UCA0CTLW1                      
000005c3  UCA0CTLW1_H                    
000005c2  UCA0CTLW1_L                    
000005da  UCA0IE                         
000005db  UCA0IE_H                       
000005da  UCA0IE_L                       
000005dc  UCA0IFG                        
000005dd  UCA0IFG_H                      
000005dc  UCA0IFG_L                      
000005d2  UCA0IRCTL                      
000005d3  UCA0IRCTL_H                    
000005d2  UCA0IRCTL_L                    
000005de  UCA0IV                         
000005c8  UCA0MCTLW                      
000005c9  UCA0MCTLW_H                    
000005c8  UCA0MCTLW_L                    
000005cc  UCA0RXBUF                      
000005cd  UCA0RXBUF_H                    
000005cc  UCA0RXBUF_L                    
000005ca  UCA0STATW                      
000005ce  UCA0TXBUF                      
000005cf  UCA0TXBUF_H                    
000005ce  UCA0TXBUF_L                    
000005f0  UCA1ABCTL                      
000005e6  UCA1BRW                        
000005e7  UCA1BRW_H                      
000005e6  UCA1BRW_L                      
000005e0  UCA1CTLW0                      
000005e1  UCA1CTLW0_H                    
000005e0  UCA1CTLW0_L                    
000005e2  UCA1CTLW1                      
000005e3  UCA1CTLW1_H                    
000005e2  UCA1CTLW1_L                    
000005fa  UCA1IE                         
000005fb  UCA1IE_H                       
000005fa  UCA1IE_L                       
000005fc  UCA1IFG                        
000005fd  UCA1IFG_H                      
000005fc  UCA1IFG_L                      
000005f2  UCA1IRCTL                      
000005f3  UCA1IRCTL_H                    
000005f2  UCA1IRCTL_L                    
000005fe  UCA1IV                         
000005e8  UCA1MCTLW                      
000005e9  UCA1MCTLW_H                    
000005e8  UCA1MCTLW_L                    
000005ec  UCA1RXBUF                      
000005ed  UCA1RXBUF_H                    
000005ec  UCA1RXBUF_L                    
000005ea  UCA1STATW                      
000005ee  UCA1TXBUF                      
000005ef  UCA1TXBUF_H                    
000005ee  UCA1TXBUF_L                    
0000065e  UCB0ADDMASK                    
0000065f  UCB0ADDMASK_H                  
0000065e  UCB0ADDMASK_L                  
0000065c  UCB0ADDRX                      
0000065d  UCB0ADDRX_H                    
0000065c  UCB0ADDRX_L                    
00000646  UCB0BRW                        
00000647  UCB0BRW_H                      
00000646  UCB0BRW_L                      
00000640  UCB0CTLW0                      
00000641  UCB0CTLW0_H                    
00000640  UCB0CTLW0_L                    
00000642  UCB0CTLW1                      
00000643  UCB0CTLW1_H                    
00000642  UCB0CTLW1_L                    
00000654  UCB0I2COA0                     
00000655  UCB0I2COA0_H                   
00000654  UCB0I2COA0_L                   
00000656  UCB0I2COA1                     
00000657  UCB0I2COA1_H                   
00000656  UCB0I2COA1_L                   
00000658  UCB0I2COA2                     
00000659  UCB0I2COA2_H                   
00000658  UCB0I2COA2_L                   
0000065a  UCB0I2COA3                     
0000065b  UCB0I2COA3_H                   
0000065a  UCB0I2COA3_L                   
00000660  UCB0I2CSA                      
00000661  UCB0I2CSA_H                    
00000660  UCB0I2CSA_L                    
0000066a  UCB0IE                         
0000066b  UCB0IE_H                       
0000066a  UCB0IE_L                       
0000066c  UCB0IFG                        
0000066d  UCB0IFG_H                      
0000066c  UCB0IFG_L                      
0000066e  UCB0IV                         
0000064c  UCB0RXBUF                      
0000064d  UCB0RXBUF_H                    
0000064c  UCB0RXBUF_L                    
00000648  UCB0STATW                      
00000649  UCB0STATW_H                    
00000648  UCB0STATW_L                    
0000064a  UCB0TBCNT                      
0000064b  UCB0TBCNT_H                    
0000064a  UCB0TBCNT_L                    
0000064e  UCB0TXBUF                      
0000064f  UCB0TXBUF_H                    
0000064e  UCB0TXBUF_L                    
00004f22  USCI_A1_ISR                    
00001e80  Vl2020                         
00001e88  Vout                           
00005810  Vout_Dropped                   
00005402  Vout_Recovered                 
0000015c  WDTCTL                         
0000015d  WDTCTL_H                       
0000015c  WDTCTL_L                       
00004400  _CIOBUF_                       
00002400  __STACK_END                    
00000280  __STACK_SIZE                   
00000400  __SYSMEM_SIZE                  
UNDEFED   __TI_BINIT_Base                
UNDEFED   __TI_BINIT_Limit               
00005f9c  __TI_CINIT_Base                
00005fac  __TI_CINIT_Limit               
00005f8a  __TI_Handler_Table_Base        
00005f96  __TI_Handler_Table_Limit       
UNDEFED   __TI_INITARRAY_Base            
UNDEFED   __TI_INITARRAY_Limit           
000050ba  __TI_ISR_TRAP                  
000057a4  __TI_cleanup                   
00001d7c  __TI_cleanup_ptr               
00013d9a  __TI_closefile                 
00013cae  __TI_decompress_lzss           
00005b8a  __TI_decompress_none           
0000518e  __TI_doflush                   
00001d80  __TI_dtors_ptr                 
00001d90  __TI_enable_exit_profile_output
000116bc  __TI_frcaddd                   
00010000  __TI_frcdivd                   
00010a9e  __TI_frcmpyd                   
00001d8c  __TI_ft_end                    
0000ffcc  __TI_int30                     
0000ffce  __TI_int31                     
0000ffd0  __TI_int32                     
0000ffd2  __TI_int33                     
0000ffd4  __TI_int34                     
0000ffd6  __TI_int35                     
0000ffd8  __TI_int36                     
0000ffda  __TI_int37                     
0000ffdc  __TI_int38                     
0000ffde  __TI_int39                     
0000ffe0  __TI_int40                     
0000ffe2  __TI_int41                     
0000ffe4  __TI_int42                     
0000ffe6  __TI_int43                     
0000ffe8  __TI_int44                     
0000ffea  __TI_int45                     
0000ffec  __TI_int46                     
0000ffee  __TI_int47                     
0000fff0  __TI_int48                     
0000fff2  __TI_int49                     
0000fff4  __TI_int50                     
0000fff6  __TI_int51                     
0000fff8  __TI_int52                     
0000fffa  __TI_int53                     
0000fffc  __TI_int54                     
ffffffff  __TI_pprof_out_hndl            
0001190e  __TI_printfi                   
ffffffff  __TI_prof_data_size            
ffffffff  __TI_prof_data_start           
00005844  __TI_readmsg                   
000134c6  __TI_renormd                   
00001d94  __TI_tmpnams                   
000057da  __TI_writemsg                  
00013bb8  __TI_wrt_ok                    
00005a16  __TI_zero_init                 
ffffffff  __c_args__                     
00000001  __mpu_enable                   
000059c2  __mpu_init                     
000107c6  __mspabi_addd                  
0001327e  __mspabi_cmpd                  
00011d6e  __mspabi_divd                  
000055bc  __mspabi_divli                 
00005b4c  __mspabi_divu                  
00005308  __mspabi_divul                 
00010478  __mspabi_divull                
000059ee  __mspabi_fixdi                 
000050c2  __mspabi_fixdli                
00005c1a  __mspabi_fltid                 
000136d0  __mspabi_fltlid                
00010d24  __mspabi_mpyd                  
00005b08  __mspabi_mpyi_f5hw             
00005a3a  __mspabi_mpyl_f5hw             
00005938  __mspabi_negd                  
000055bc  __mspabi_remli                 
00005b4c  __mspabi_remu                  
00005308  __mspabi_remul                 
00005bd0  __mspabi_slll                  
00005672  __mspabi_slll_1                
0000564e  __mspabi_slll_10               
0000564a  __mspabi_slll_11               
00005646  __mspabi_slll_12               
00005642  __mspabi_slll_13               
0000563e  __mspabi_slll_14               
0000563a  __mspabi_slll_15               
0000566e  __mspabi_slll_2                
0000566a  __mspabi_slll_3                
00005666  __mspabi_slll_4                
00005662  __mspabi_slll_5                
0000565e  __mspabi_slll_6                
0000565a  __mspabi_slll_7                
00005656  __mspabi_slll_8                
00005652  __mspabi_slll_9                
00005730  __mspabi_sllll                 
00005bc0  __mspabi_sral                  
00005634  __mspabi_sral_1                
00005610  __mspabi_sral_10               
0000560c  __mspabi_sral_11               
00005608  __mspabi_sral_12               
00005604  __mspabi_sral_13               
00005600  __mspabi_sral_14               
000055fc  __mspabi_sral_15               
00005630  __mspabi_sral_2                
0000562c  __mspabi_sral_3                
00005628  __mspabi_sral_4                
00005624  __mspabi_sral_5                
00005620  __mspabi_sral_6                
0000561c  __mspabi_sral_7                
00005618  __mspabi_sral_8                
00005614  __mspabi_sral_9                
00005be0  __mspabi_srll                  
000056b0  __mspabi_srll_1                
0000568c  __mspabi_srll_10               
00005688  __mspabi_srll_11               
00005684  __mspabi_srll_12               
00005680  __mspabi_srll_13               
0000567c  __mspabi_srll_14               
00005678  __mspabi_srll_15               
000056ac  __mspabi_srll_2                
000056a8  __mspabi_srll_3                
000056a4  __mspabi_srll_4                
000056a0  __mspabi_srll_5                
0000569c  __mspabi_srll_6                
00005698  __mspabi_srll_7                
00005694  __mspabi_srll_8                
00005690  __mspabi_srll_9                
0000576a  __mspabi_srlll                 
00005876  __mspabi_subd                  
00013a38  _auto_init_hold_wdt            
00005084  _c_int00_noargs_mpu            
00005d88  _ctypes_                       
00001c00  _ftable                        
00001d84  _lock                          
00005c44  _nop                           
0000fffe  _reset_vector                  
00002180  _stack                         
00004520  _sys_memory                    
00005c46  _system_post_cinit             
00005c40  _system_pre_init               
00001d88  _unlock                        
00005c36  abort                          
00005c26  abs                            
000051f2  atoi                           
00005254  close                          
00005128  copy_in                        
00005966  copysign                       
00005966  copysignl                      
00001ea0  count                          
00001ea2  count1                         
00001ea4  counter                        
00001ea6  counter1                       
00001d8e  errno                          
0000549e  exit                           
0001388e  fputc                          
00012fc4  fputs                          
00004c00  fram_ipe_end                   
00004c00  fram_ipe_start                 
00004400  fram_rw_start                  
00004c00  fram_rx_start                  
0001391e  free                           
00013578  frexp                          
00013578  frexpl                         
00013f54  fseek                          
00012542  ldexp                          
00012542  ldexpl                         
00001eac  length                         
00001ead  logic                          
000056b6  lseek                          
00013aba  ltoa                           
000139ac  main                           
00013356  malloc                         
00005a7e  memccpy                        
00005b20  memchr                         
00005b76  memcpy                         
00005b36  memset                         
00013fbe  minit                          
0000a501  mpu_ctl0_value                 
00001513  mpu_sam_value                  
000004c0  mpu_segment_border1            
000004c0  mpu_segment_border2            
00001e34  outbuffer                      
000054e8  printf                         
0001388e  putc                           
000058da  remove                         
00012542  scalbn                         
00012542  scalbnl                        
0001319e  setvbuf                        
00005578  sprintf                        
00005a9c  strchr                         
00005ab8  strcmp                         
00005b9c  strcpy                         
00005c0c  strlen                         
000058a8  strncpy                        
00001eae  test                           
00005bae  toupper                        
00005aee  uartSend                       
000058da  unlink                         
000056f4  write                          


GLOBAL SYMBOLS: SORTED BY Symbol Address 

address   name                           
-------   ----                           
00000001  __mpu_enable                   
00000100  SFRIE1                         
00000100  SFRIE1_L                       
00000101  SFRIE1_H                       
00000102  SFRIFG1                        
00000102  SFRIFG1_L                      
00000103  SFRIFG1_H                      
00000104  SFRRPCR                        
00000104  SFRRPCR_L                      
00000105  SFRRPCR_H                      
00000120  PMMCTL0                        
00000120  PMMCTL0_L                      
00000121  PMMCTL0_H                      
0000012a  PMMIFG                         
0000012a  PMMIFG_L                       
0000012b  PMMIFG_H                       
00000130  PM5CTL0                        
00000130  PM5CTL0_L                      
00000131  PM5CTL0_H                      
00000140  FRCTL0                         
00000140  FRCTL0_L                       
00000141  FRCTL0_H                       
00000144  GCCTL0                         
00000144  GCCTL0_L                       
00000145  GCCTL0_H                       
00000146  GCCTL1                         
00000146  GCCTL1_L                       
00000147  GCCTL1_H                       
00000150  CRCDI                          
00000150  CRCDI_L                        
00000151  CRCDI_H                        
00000152  CRCDIRB                        
00000152  CRCDIRB_L                      
00000153  CRCDIRB_H                      
00000154  CRCINIRES                      
00000154  CRCINIRES_L                    
00000155  CRCINIRES_H                    
00000156  CRCRESR                        
00000156  CRCRESR_L                      
00000157  CRCRESR_H                      
0000015c  WDTCTL                         
0000015c  WDTCTL_L                       
0000015d  WDTCTL_H                       
00000160  CSCTL0                         
00000160  CSCTL0_L                       
00000161  CSCTL0_H                       
00000162  CSCTL1                         
00000162  CSCTL1_L                       
00000163  CSCTL1_H                       
00000164  CSCTL2                         
00000164  CSCTL2_L                       
00000165  CSCTL2_H                       
00000166  CSCTL3                         
00000166  CSCTL3_L                       
00000167  CSCTL3_H                       
00000168  CSCTL4                         
00000168  CSCTL4_L                       
00000169  CSCTL4_H                       
0000016a  CSCTL5                         
0000016a  CSCTL5_L                       
0000016b  CSCTL5_H                       
0000016c  CSCTL6                         
0000016c  CSCTL6_L                       
0000016d  CSCTL6_H                       
00000180  SYSCTL                         
00000180  SYSCTL_L                       
00000181  SYSCTL_H                       
00000186  SYSJMBC                        
00000186  SYSJMBC_L                      
00000187  SYSJMBC_H                      
00000188  SYSJMBI0                       
00000188  SYSJMBI0_L                     
[...]
00000814  ADC12IER1_L                    
00000815  ADC12IER1_H                    
00000816  ADC12IER2                      
00000816  ADC12IER2_L                    
00000817  ADC12IER2_H                    
00000818  ADC12IV                        
00000818  ADC12IV_L                      
00000819  ADC12IV_H                      
00000820  ADC12MCTL0                     
00000820  ADC12MCTL0_L                   
00000821  ADC12MCTL0_H                   
00000822  ADC12MCTL1                     
00000822  ADC12MCTL1_L                   
00000823  ADC12MCTL1_H                   
00000824  ADC12MCTL2                     
00000824  ADC12MCTL2_L                   
00000825  ADC12MCTL2_H                   
00000826  ADC12MCTL3                     
00000826  ADC12MCTL3_L                   
00000827  ADC12MCTL3_H                   
00000828  ADC12MCTL4                     
00000828  ADC12MCTL4_L                   
00000829  ADC12MCTL4_H                   
0000082a  ADC12MCTL5                     
0000082a  ADC12MCTL5_L                   
0000082b  ADC12MCTL5_H                   
0000082c  ADC12MCTL6                     
0000082c  ADC12MCTL6_L                   
0000082d  ADC12MCTL6_H                   
0000082e  ADC12MCTL7                     
0000082e  ADC12MCTL7_L                   
0000082f  ADC12MCTL7_H                   
00000830  ADC12MCTL8                     
00000830  ADC12MCTL8_L                   
00000831  ADC12MCTL8_H                   
00000832  ADC12MCTL9                     
00000832  ADC12MCTL9_L                   
00000833  ADC12MCTL9_H                   
00000834  ADC12MCTL10                    
00000834  ADC12MCTL10_L                  
00000835  ADC12MCTL10_H                  
00000836  ADC12MCTL11                    
00000836  ADC12MCTL11_L                  
00000837  ADC12MCTL11_H                  
00000838  ADC12MCTL12                    
00000838  ADC12MCTL12_L                  
00000839  ADC12MCTL12_H                  
0000083a  ADC12MCTL13                    
0000083a  ADC12MCTL13_L                  
0000083b  ADC12MCTL13_H                  
0000083c  ADC12MCTL14                    
0000083c  ADC12MCTL14_L                  
0000083d  ADC12MCTL14_H                  
0000083e  ADC12MCTL15                    
0000083e  ADC12MCTL15_L                  
0000083f  ADC12MCTL15_H                  
00000840  ADC12MCTL16                    
00000840  ADC12MCTL16_L                  
00000841  ADC12MCTL16_H                  
00000842  ADC12MCTL17                    
00000842  ADC12MCTL17_L                  
00000843  ADC12MCTL17_H                  
00000844  ADC12MCTL18                    
00000844  ADC12MCTL18_L                  
00000845  ADC12MCTL18_H                  
00000846  ADC12MCTL19                    
00000846  ADC12MCTL19_L                  
00000847  ADC12MCTL19_H                  
00000848  ADC12MCTL20                    
00000848  ADC12MCTL20_L                  
00000849  ADC12MCTL20_H                  
0000084a  ADC12MCTL21                    
0000084a  ADC12MCTL21_L                  
0000084b  ADC12MCTL21_H                  
0000084c  ADC12MCTL22                    
0000084c  ADC12MCTL22_L                  
0000084d  ADC12MCTL22_H                  
0000084e  ADC12MCTL23                    
0000084e  ADC12MCTL23_L                  
0000084f  ADC12MCTL23_H                  
00000850  ADC12MCTL24                    
00000850  ADC12MCTL24_L                  
00000851  ADC12MCTL24_H                  
00000852  ADC12MCTL25                    
00000852  ADC12MCTL25_L                  
00000853  ADC12MCTL25_H                  
00000854  ADC12MCTL26                    
00000854  ADC12MCTL26_L                  
00000855  ADC12MCTL26_H                  
00000856  ADC12MCTL27                    
00000856  ADC12MCTL27_L                  
00000857  ADC12MCTL27_H                  
00000858  ADC12MCTL28                    
00000858  ADC12MCTL28_L                  
00000859  ADC12MCTL28_H                  
0000085a  ADC12MCTL29                    
0000085a  ADC12MCTL29_L                  
0000085b  ADC12MCTL29_H                  
0000085c  ADC12MCTL30                    
0000085c  ADC12MCTL30_L                  
0000085d  ADC12MCTL30_H                  
0000085e  ADC12MCTL31                    
0000085e  ADC12MCTL31_L                  
0000085f  ADC12MCTL31_H                  
00000860  ADC12MEM0                      
00000860  ADC12MEM0_L                    
00000861  ADC12MEM0_H                    
00000862  ADC12MEM1                      
00000862  ADC12MEM1_L                    
00000863  ADC12MEM1_H                    
00000864  ADC12MEM2                      
00000864  ADC12MEM2_L                    
00000865  ADC12MEM2_H                    
00000866  ADC12MEM3                      
00000866  ADC12MEM3_L                    
00000867  ADC12MEM3_H                    
00000868  ADC12MEM4                      
00000868  ADC12MEM4_L                    
00000869  ADC12MEM4_H                    
0000086a  ADC12MEM5                      
0000086a  ADC12MEM5_L                    
0000086b  ADC12MEM5_H                    
0000086c  ADC12MEM6                      
0000086c  ADC12MEM6_L                    
0000086d  ADC12MEM6_H                    
0000086e  ADC12MEM7                      
0000086e  ADC12MEM7_L                    
0000086f  ADC12MEM7_H                    
00000870  ADC12MEM8                      
00000870  ADC12MEM8_L                    
00000871  ADC12MEM8_H                    
00000872  ADC12MEM9                      
00000872  ADC12MEM9_L                    
00000873  ADC12MEM9_H                    
00000874  ADC12MEM10                     
00000874  ADC12MEM10_L                   
00000875  ADC12MEM10_H                   
00000876  ADC12MEM11                     
00000876  ADC12MEM11_L                   
00000877  ADC12MEM11_H                   
00000878  ADC12MEM12                     
00000878  ADC12MEM12_L                   
00000879  ADC12MEM12_H                   
0000087a  ADC12MEM13                     
0000087a  ADC12MEM13_L                   
0000087b  ADC12MEM13_H                   
0000087c  ADC12MEM14                     
0000087c  ADC12MEM14_L                   
0000087d  ADC12MEM14_H                   
0000087e  ADC12MEM15                     
0000087e  ADC12MEM15_L                   
0000087f  ADC12MEM15_H                   
00000880  ADC12MEM16                     
00000880  ADC12MEM16_L                   
00000881  ADC12MEM16_H                   
00000882  ADC12MEM17                     
00000882  ADC12MEM17_L                   
00000883  ADC12MEM17_H                   
00000884  ADC12MEM18                     
00000884  ADC12MEM18_L                   
00000885  ADC12MEM18_H                   
00000886  ADC12MEM19                     
00000886  ADC12MEM19_L                   
00000887  ADC12MEM19_H                   
00000888  ADC12MEM20                     
00000888  ADC12MEM20_L                   
00000889  ADC12MEM20_H                   
0000088a  ADC12MEM21                     
0000088a  ADC12MEM21_L                   
0000088b  ADC12MEM21_H                   
0000088c  ADC12MEM22                     
0000088c  ADC12MEM22_L                   
0000088d  ADC12MEM22_H                   
0000088e  ADC12MEM23                     
0000088e  ADC12MEM23_L                   
0000088f  ADC12MEM23_H                   
00000890  ADC12MEM24                     
00000890  ADC12MEM24_L                   
00000891  ADC12MEM24_H                   
00000892  ADC12MEM25                     
00000892  ADC12MEM25_L                   
00000893  ADC12MEM25_H                   
00000894  ADC12MEM26                     
00000894  ADC12MEM26_L                   
00000895  ADC12MEM26_H                   
00000896  ADC12MEM27                     
00000896  ADC12MEM27_L                   
00000897  ADC12MEM27_H                   
00000898  ADC12MEM28                     
00000898  ADC12MEM28_L                   
00000899  ADC12MEM28_H                   
0000089a  ADC12MEM29                     
0000089a  ADC12MEM29_L                   
0000089b  ADC12MEM29_H                   
0000089c  ADC12MEM30                     
0000089c  ADC12MEM30_L                   
0000089d  ADC12MEM30_H                   
0000089e  ADC12MEM31                     
0000089e  ADC12MEM31_L                   
0000089f  ADC12MEM31_H                   
000008c0  CECTL0                         
000008c0  CECTL0_L                       
000008c1  CECTL0_H                       
000008c2  CECTL1                         
000008c2  CECTL1_L                       
000008c3  CECTL1_H                       
000008c4  CECTL2                         
000008c4  CECTL2_L                       
000008c5  CECTL2_H                       
000008c6  CECTL3                         
000008c6  CECTL3_L                       
000008c7  CECTL3_H                       
000008cc  CEINT                          
000008cc  CEINT_L                        
000008cd  CEINT_H                        
000008ce  CEIV                           
000008ce  CEIV_L                         
000008cf  CEIV_H                         
000009c0  AESACTL0                       
000009c0  AESACTL0_L                     
000009c1  AESACTL0_H                     
000009c2  AESACTL1                       
000009c2  AESACTL1_L                     
000009c3  AESACTL1_H                     
000009c4  AESASTAT                       
000009c4  AESASTAT_L                     
000009c5  AESASTAT_H                     
000009c6  AESAKEY                        
000009c6  AESAKEY_L                      
000009c7  AESAKEY_H                      
000009c8  AESADIN                        
000009c8  AESADIN_L                      
000009c9  AESADIN_H                      
000009ca  AESADOUT                       
000009ca  AESADOUT_L                     
000009cb  AESADOUT_H                     
000009cc  AESAXDIN                       
000009cc  AESAXDIN_L                     
000009cd  AESAXDIN_H                     
000009ce  AESAXIN                        
000009ce  AESAXIN_L                      
000009cf  AESAXIN_H                      
00001513  mpu_sam_value                  
00001c00  _ftable                        
00001d7c  __TI_cleanup_ptr               
00001d80  __TI_dtors_ptr                 
00001d84  _lock                          
00001d88  _unlock                        
00001d8c  __TI_ft_end                    
00001d8e  errno                          
00001d90  __TI_enable_exit_profile_output
00001d94  __TI_tmpnams                   
00001e34  outbuffer                      
00001e78  Capacitor                      
00001e80  Vl2020                         
00001e88  Vout                           
00001e90  ADC_ResultA10                  
00001e94  ADC_ResultA11                  
00001e98  ADC_ResultA7                   
00001e9c  Result                         
00001ea0  count                          
00001ea2  count1                         
00001ea4  counter                        
00001ea6  counter1                       
00001ea8  Button1_Pressed                
00001ea9  Button4_Pressed                
00001eaa  Charge_Bat_Num                 
00001eab  Discharge_Bat_Num              
00001eac  length                         
00001ead  logic                          
00001eae  test                           
00002180  _stack                         
00002400  __STACK_END                    
00004400  _CIOBUF_                       
00004400  fram_rw_start                  
00004520  _sys_memory                    
00004c00  Port_1                         
00004c00  fram_ipe_end                   
00004c00  fram_ipe_start                 
00004c00  fram_rx_start                  
00004dbe  Port_4                         
00004f22  USCI_A1_ISR                    
00004ffc  Timer1_A0_ISR                  
00005084  _c_int00_noargs_mpu            
000050a4  Timer0_A0_ISR                  
000050ba  __TI_ISR_TRAP                  
000050c2  __mspabi_fixdli                
00005128  copy_in                        
0000518e  __TI_doflush                   
000051f2  atoi                           
00005254  close                          
00005308  __mspabi_divul                 
00005308  __mspabi_remul                 
00005360  Init_ADC                       
000053b4  HOSTclose                      
00005402  Vout_Recovered                 
0000549e  exit                           
000054e8  printf                         
00005532  HOSTunlink                     
00005578  sprintf                        
000055bc  __mspabi_divli                 
000055bc  __mspabi_remli                 
000055fc  __mspabi_sral_15               
00005600  __mspabi_sral_14               
00005604  __mspabi_sral_13               
00005608  __mspabi_sral_12               
0000560c  __mspabi_sral_11               
00005610  __mspabi_sral_10               
00005614  __mspabi_sral_9                
00005618  __mspabi_sral_8                
0000561c  __mspabi_sral_7                
00005620  __mspabi_sral_6                
00005624  __mspabi_sral_5                
00005628  __mspabi_sral_4                
0000562c  __mspabi_sral_3                
00005630  __mspabi_sral_2                
00005634  __mspabi_sral_1                
0000563a  __mspabi_slll_15               
0000563e  __mspabi_slll_14               
00005642  __mspabi_slll_13               
00005646  __mspabi_slll_12               
0000564a  __mspabi_slll_11               
0000564e  __mspabi_slll_10               
00005652  __mspabi_slll_9                
00005656  __mspabi_slll_8                
0000565a  __mspabi_slll_7                
0000565e  __mspabi_slll_6                
00005662  __mspabi_slll_5                
00005666  __mspabi_slll_4                
0000566a  __mspabi_slll_3                
0000566e  __mspabi_slll_2                
00005672  __mspabi_slll_1                
00005678  __mspabi_srll_15               
0000567c  __mspabi_srll_14               
00005680  __mspabi_srll_13               
00005684  __mspabi_srll_12               
00005688  __mspabi_srll_11               
0000568c  __mspabi_srll_10               
00005690  __mspabi_srll_9                
00005694  __mspabi_srll_8                
00005698  __mspabi_srll_7                
0000569c  __mspabi_srll_6                
000056a0  __mspabi_srll_5                
000056a4  __mspabi_srll_4                
000056a8  __mspabi_srll_3                
000056ac  __mspabi_srll_2                
000056b0  __mspabi_srll_1                
000056b6  lseek                          
000056f4  write                          
00005730  __mspabi_sllll                 
0000576a  __mspabi_srlll                 
000057a4  __TI_cleanup                   
000057da  __TI_writemsg                  
0000580c  C$$IO$$                        
00005810  Vout_Dropped                   
00005844  __TI_readmsg                   
00005876  __mspabi_subd                  
000058a8  strncpy                        
000058da  remove                         
000058da  unlink                         
0000590a  Init_UART                      
00005938  __mspabi_negd                  
00005966  copysign                       
00005966  copysignl                      
000059c2  __mpu_init                     
000059ee  __mspabi_fixdi                 
00005a16  __TI_zero_init                 
00005a3a  __mspabi_mpyl_f5hw             
00005a7e  memccpy                        
00005a9c  strchr                         
00005ab8  strcmp                         
00005ad4  Init_Clock                     
00005aee  uartSend                       
00005b08  __mspabi_mpyi_f5hw             
00005b20  memchr                         
00005b36  memset                         
00005b4c  __mspabi_divu                  
00005b4c  __mspabi_remu                  
00005b76  memcpy                         
00005b8a  __TI_decompress_none           
00005b9c  strcpy                         
00005bae  toupper                        
00005bc0  __mspabi_sral                  
00005bd0  __mspabi_slll                  
00005be0  __mspabi_srll                  
00005bf0  Init_Timer0                    
00005bfe  Init_Timer1                    
00005c0c  strlen                         
00005c1a  __mspabi_fltid                 
00005c26  abs                            
00005c36  C$$EXIT                        
00005c36  abort                          
00005c40  _system_pre_init               
00005c44  _nop                           
00005c46  _system_post_cinit             
00005d88  _ctypes_                       
00005f8a  __TI_Handler_Table_Base        
00005f96  __TI_Handler_Table_Limit       
00005f9c  __TI_CINIT_Base                
00005fac  __TI_CINIT_Limit               
0000a501  mpu_ctl0_value                 
0000ffcc  __TI_int30                     
0000ffce  __TI_int31                     
0000ffd0  __TI_int32                     
0000ffd2  __TI_int33                     
0000ffd4  __TI_int34                     
0000ffd6  __TI_int35                     
0000ffd8  __TI_int36                     
0000ffda  __TI_int37                     
0000ffdc  __TI_int38                     
0000ffde  __TI_int39                     
0000ffe0  __TI_int40                     
0000ffe2  __TI_int41                     
0000ffe4  __TI_int42                     
0000ffe6  __TI_int43                     
0000ffe8  __TI_int44                     
0000ffea  __TI_int45                     
0000ffec  __TI_int46                     
0000ffee  __TI_int47                     
0000fff0  __TI_int48                     
0000fff2  __TI_int49                     
0000fff4  __TI_int50                     
0000fff6  __TI_int51                     
0000fff8  __TI_int52                     
0000fffa  __TI_int53                     
0000fffc  __TI_int54                     
0000fffe  _reset_vector                  
00010000  __TI_frcdivd                   
00010478  __mspabi_divull                
000107c6  __mspabi_addd                  
00010a9e  __TI_frcmpyd                   
00010d24  __mspabi_mpyd                  
00011464  Circuit_Logic                  
000116bc  __TI_frcaddd                   
0001190e  __TI_printfi                   
00011d6e  __mspabi_divd                  
00012542  ldexp                          
00012542  ldexpl                         
00012542  scalbn                         
00012542  scalbnl                        
0001286a  Init_Battery                   
00012fc4  fputs                          
000130b4  Switch                         
0001319e  setvbuf                        
0001327e  __mspabi_cmpd                  
00013356  malloc                         
00013412  HOSTlseek                      
000134c6  __TI_renormd                   
00013578  frexp                          
00013578  frexpl                         
000136d0  __mspabi_fltlid                
0001388e  fputc                          
0001388e  putc                           
0001391e  free                           
000139ac  main                           
00013a38  _auto_init_hold_wdt            
00013aba  ltoa                           
00013b3a  Init_Gpio                      
00013bb8  __TI_wrt_ok                    
00013cae  __TI_decompress_lzss           
00013d26  HOSTrename                     
00013d9a  __TI_closefile                 
00013e0e  HOSTopen                       
00013e7e  HOSTwrite                      
00013eea  HOSTread                       
00013f54  fseek                          
00013fbe  minit                          
ffffffff  __TI_pprof_out_hndl            
ffffffff  __TI_prof_data_size            
ffffffff  __TI_prof_data_start           
ffffffff  __c_args__                     
UNDEFED   __TI_BINIT_Base                
UNDEFED   __TI_BINIT_Limit               
UNDEFED   __TI_INITARRAY_Base            
UNDEFED   __TI_INITARRAY_Limit           

[1035 symbols]
